Component: ARM Compiler 5.06 update 2 (build 183) Tool: armlink [4d35b7]

==============================================================================

Section Cross References

    startup_stm32f030x8.o(RESET) refers to startup_stm32f030x8.o(STACK) for __initial_sp
    startup_stm32f030x8.o(RESET) refers to startup_stm32f030x8.o(.text) for Reset_Handler
    startup_stm32f030x8.o(RESET) refers to stm32xx_it.o(i.NMI_Handler) for NMI_Handler
    startup_stm32f030x8.o(RESET) refers to stm32xx_it.o(i.HardFault_Handler) for HardFault_Handler
    startup_stm32f030x8.o(RESET) refers to stm32xx_it.o(i.SVC_Handler) for SVC_Handler
    startup_stm32f030x8.o(RESET) refers to stm32xx_it.o(i.PendSV_Handler) for PendSV_Handler
    startup_stm32f030x8.o(RESET) refers to stm32xx_it.o(i.SysTick_Handler) for SysTick_Handler
    startup_stm32f030x8.o(RESET) refers to stm32xx_it.o(i.EXTI0_1_IRQHandler) for EXTI0_1_IRQHandler
    startup_stm32f030x8.o(RESET) refers to stm32xx_it.o(i.EXTI4_15_IRQHandler) for EXTI4_15_IRQHandler
    startup_stm32f030x8.o(.text) refers to system_stm32f0xx_1.o(i.SystemInit) for SystemInit
    startup_stm32f030x8.o(.text) refers to entry.o(.ARM.Collect$$$$00000000) for __main
    bluenrg_interface.o(i.HAL_GPIO_EXTI_Callback) refers to hci.o(i.HCI_Isr) for HCI_Isr
    clock.o(i.Clock_Time) refers to stm32f0xx_hal.o(i.HAL_GetTick) for HAL_GetTick
    clock.o(i.Clock_Wait) refers to stm32f0xx_hal.o(i.HAL_Delay) for HAL_Delay
    main.o(i.Error_Handler) refers to stm32f0xx_nucleo.o(i.BSP_LED_Toggle) for BSP_LED_Toggle
    main.o(i.Error_Handler) refers to stm32f0xx_hal.o(i.HAL_Delay) for HAL_Delay
    main.o(i.HAL_UART_MspInit) refers to stm32f0xx_hal_gpio.o(i.HAL_GPIO_Init) for HAL_GPIO_Init
    main.o(i.User_Process) refers to sample_service.o(i.Make_Connection) for Make_Connection
    main.o(i.User_Process) refers to stm32f0xx_nucleo.o(i.BSP_PB_GetState) for BSP_PB_GetState
    main.o(i.User_Process) refers to memcpy.o(.text) for __aeabi_memcpy4
    main.o(i.User_Process) refers to sample_service.o(i.sendData) for sendData
    main.o(i.User_Process) refers to stm32f0xx_hal_uart.o(i.HAL_UART_Receive) for HAL_UART_Receive
    main.o(i.User_Process) refers to sample_service.o(.data) for set_connectable
    main.o(i.User_Process) refers to uart_support.o(.data) for aRxBuffer
    main.o(i.User_Process) refers to main.o(.bss) for .bss
    main.o(i.User_Process) refers to i2c_support.o(.data) for ReadI2CFlag
    main.o(i.User_Process) refers to i2c_support.o(.data) for aI2CBuffer
    main.o(i.main) refers to stm32f0xx_hal.o(i.HAL_Init) for HAL_Init
    main.o(i.main) refers to stm32f0xx_nucleo.o(i.BSP_LED_Init) for BSP_LED_Init
    main.o(i.main) refers to stm32f0xx_nucleo.o(i.BSP_PB_Init) for BSP_PB_Init
    main.o(i.main) refers to cube_hal_f0.o(i.SystemClock_Config) for SystemClock_Config
    main.o(i.main) refers to main.o(i.vcom_init) for vcom_init
    main.o(i.main) refers to i2c_support.o(i.MX_I2C1_Init) for MX_I2C1_Init
    main.o(i.main) refers to stm32_bluenrg_ble.o(i.BNRG_SPI_Init) for BNRG_SPI_Init
    main.o(i.main) refers to hci.o(i.HCI_Init) for HCI_Init
    main.o(i.main) refers to stm32_bluenrg_ble.o(i.BlueNRG_RST) for BlueNRG_RST
    main.o(i.main) refers to bluenrg_utils_small.o(i.getBlueNRGVersion) for getBlueNRGVersion
    main.o(i.main) refers to uart_support.o(i.PRINT_MESG_UART) for PRINT_MESG_UART
    main.o(i.main) refers to osal.o(i.Osal_MemCpy) for Osal_MemCpy
    main.o(i.main) refers to bluenrg_hal_aci.o(i.aci_hal_write_config_data) for aci_hal_write_config_data
    main.o(i.main) refers to bluenrg_gatt_aci.o(i.aci_gatt_init) for aci_gatt_init
    main.o(i.main) refers to bluenrg_gap_aci.o(i.aci_gap_init_IDB04A1) for aci_gap_init_IDB04A1
    main.o(i.main) refers to bluenrg_gap_aci.o(i.aci_gap_set_auth_requirement) for aci_gap_set_auth_requirement
    main.o(i.main) refers to bluenrg_gap_aci.o(i.aci_gap_init_IDB05A1) for aci_gap_init_IDB05A1
    main.o(i.main) refers to sample_service.o(i.Add_Sample_Service) for Add_Sample_Service
    main.o(i.main) refers to bluenrg_hal_aci.o(i.aci_hal_set_tx_power_level) for aci_hal_set_tx_power_level
    main.o(i.main) refers to hci.o(i.HCI_Process) for HCI_Process
    main.o(i.main) refers to main.o(i.User_Process) for User_Process
    main.o(i.main) refers to main.o(.data) for .data
    main.o(i.vcom_init) refers to stm32f0xx_hal_uart.o(i.HAL_UART_Init) for HAL_UART_Init
    main.o(i.vcom_init) refers to main.o(i.Error_Handler) for Error_Handler
    main.o(i.vcom_init) refers to main.o(.bss) for .bss
    sample_service.o(i.Add_Sample_Service) refers to bluenrg_gatt_aci.o(i.aci_gatt_add_serv) for aci_gatt_add_serv
    sample_service.o(i.Add_Sample_Service) refers to bluenrg_gatt_aci.o(i.aci_gatt_add_char) for aci_gatt_add_char
    sample_service.o(i.Add_Sample_Service) refers to uart_support.o(i.PRINT_MESG_UART) for PRINT_MESG_UART
[...]
    Removing bluenrg_gap_aci.o(i.aci_gap_start_general_conn_establish_proc_IDB04A1), (100 bytes).
    Removing bluenrg_gap_aci.o(i.aci_gap_start_general_conn_establish_proc_IDB05A1), (86 bytes).
    Removing bluenrg_gap_aci.o(i.aci_gap_start_general_discovery_proc), (74 bytes).
    Removing bluenrg_gap_aci.o(i.aci_gap_start_limited_discovery_proc), (74 bytes).
    Removing bluenrg_gap_aci.o(i.aci_gap_start_name_discovery_proc), (114 bytes).
    Removing bluenrg_gap_aci.o(i.aci_gap_start_observation_procedure), (78 bytes).
    Removing bluenrg_gap_aci.o(i.aci_gap_start_selective_conn_establish_proc), (116 bytes).
    Removing bluenrg_gap_aci.o(i.aci_gap_terminate), (72 bytes).
    Removing bluenrg_gap_aci.o(i.aci_gap_terminate_gap_procedure), (62 bytes).
    Removing bluenrg_gap_aci.o(i.aci_gap_update_adv_data), (86 bytes).
    Removing bluenrg_gatt_aci.o(i.aci_att_execute_write_req), (70 bytes).
    Removing bluenrg_gatt_aci.o(i.aci_att_find_by_type_value_req), (114 bytes).
    Removing bluenrg_gatt_aci.o(i.aci_att_find_information_req), (72 bytes).
    Removing bluenrg_gatt_aci.o(i.aci_att_prepare_write_req), (100 bytes).
    Removing bluenrg_gatt_aci.o(i.aci_att_read_by_group_type_req), (98 bytes).
    Removing bluenrg_gatt_aci.o(i.aci_att_read_by_type_req), (98 bytes).
    Removing bluenrg_gatt_aci.o(i.aci_gatt_add_char_desc), (220 bytes).
    Removing bluenrg_gatt_aci.o(i.aci_gatt_allow_read), (68 bytes).
    Removing bluenrg_gatt_aci.o(i.aci_gatt_confirm_indication), (68 bytes).
    Removing bluenrg_gatt_aci.o(i.aci_gatt_del_char), (70 bytes).
    Removing bluenrg_gatt_aci.o(i.aci_gatt_del_include_service), (70 bytes).
    Removing bluenrg_gatt_aci.o(i.aci_gatt_del_service), (68 bytes).
    Removing bluenrg_gatt_aci.o(i.aci_gatt_disc_all_charac_descriptors), (76 bytes).
    Removing bluenrg_gatt_aci.o(i.aci_gatt_disc_all_charac_of_serv), (76 bytes).
    Removing bluenrg_gatt_aci.o(i.aci_gatt_disc_all_prim_services), (72 bytes).
    Removing bluenrg_gatt_aci.o(i.aci_gatt_disc_charac_by_uuid), (126 bytes).
    Removing bluenrg_gatt_aci.o(i.aci_gatt_disc_prim_service_by_uuid), (98 bytes).
    Removing bluenrg_gatt_aci.o(i.aci_gatt_exchange_configuration), (72 bytes).
    Removing bluenrg_gatt_aci.o(i.aci_gatt_find_included_services), (76 bytes).
    Removing bluenrg_gatt_aci.o(i.aci_gatt_include_service), (154 bytes).
    Removing bluenrg_gatt_aci.o(i.aci_gatt_read_charac_desc), (74 bytes).
    Removing bluenrg_gatt_aci.o(i.aci_gatt_read_charac_val), (74 bytes).
    Removing bluenrg_gatt_aci.o(i.aci_gatt_read_handle_value), (116 bytes).
    Removing bluenrg_gatt_aci.o(i.aci_gatt_read_handle_value_offset_IDB05A1), (112 bytes).
    Removing bluenrg_gatt_aci.o(i.aci_gatt_read_long_charac_desc), (76 bytes).
    Removing bluenrg_gatt_aci.o(i.aci_gatt_read_long_charac_val), (76 bytes).
    Removing bluenrg_gatt_aci.o(i.aci_gatt_read_multiple_charac_val), (98 bytes).
    Removing bluenrg_gatt_aci.o(i.aci_gatt_read_using_charac_uuid), (98 bytes).
    Removing bluenrg_gatt_aci.o(i.aci_gatt_set_desc_value), (136 bytes).
    Removing bluenrg_gatt_aci.o(i.aci_gatt_set_event_mask), (68 bytes).
    Removing bluenrg_gatt_aci.o(i.aci_gatt_set_security_permission), (72 bytes).
    Removing bluenrg_gatt_aci.o(i.aci_gatt_signed_write_without_resp), (96 bytes).
    Removing bluenrg_gatt_aci.o(i.aci_gatt_update_char_value_ext_IDB05A1), (114 bytes).
    Removing bluenrg_gatt_aci.o(i.aci_gatt_write_charac_descriptor), (116 bytes).
    Removing bluenrg_gatt_aci.o(i.aci_gatt_write_charac_reliable), (104 bytes).
    Removing bluenrg_gatt_aci.o(i.aci_gatt_write_charac_value), (116 bytes).
    Removing bluenrg_gatt_aci.o(i.aci_gatt_write_long_charac_desc), (104 bytes).
    Removing bluenrg_gatt_aci.o(i.aci_gatt_write_long_charac_val), (104 bytes).
    Removing bluenrg_gatt_aci.o(i.aci_gatt_write_response), (120 bytes).
    Removing bluenrg_gatt_aci.o(i.aci_gatt_write_without_response), (96 bytes).
    Removing bluenrg_hal_aci.o(i.aci_hal_device_standby), (54 bytes).
    Removing bluenrg_hal_aci.o(i.aci_hal_get_anchor_period), (82 bytes).
    Removing bluenrg_hal_aci.o(i.aci_hal_get_fw_build_number), (72 bytes).
    Removing bluenrg_hal_aci.o(i.aci_hal_get_link_status), (98 bytes).
    Removing bluenrg_hal_aci.o(i.aci_hal_le_tx_test_packet_number), (72 bytes).
    Removing bluenrg_hal_aci.o(i.aci_hal_read_config_data), (102 bytes).
    Removing bluenrg_hal_aci.o(i.aci_hal_tone_start), (64 bytes).
    Removing bluenrg_hal_aci.o(i.aci_hal_tone_stop), (54 bytes).
    Removing bluenrg_l2cap_aci.o(i.aci_l2cap_connection_parameter_update_request), (80 bytes).
    Removing bluenrg_l2cap_aci.o(i.aci_l2cap_connection_parameter_update_response_IDB04A1), (82 bytes).
    Removing bluenrg_l2cap_aci.o(i.aci_l2cap_connection_parameter_update_response_IDB05A1), (92 bytes).
    Removing bluenrg_utils_small.o(.rev16_text), (4 bytes).
    Removing bluenrg_utils_small.o(.revsh_text), (4 bytes).
    Removing gp_timer.o(i.Timer_Remaining), (16 bytes).
    Removing gp_timer.o(i.Timer_Reset), (10 bytes).
    Removing gp_timer.o(i.Timer_Restart), (12 bytes).
    Removing ble_list.o(.rev16_text), (4 bytes).
    Removing ble_list.o(.revsh_text), (4 bytes).
    Removing ble_list.o(i.list_get_next_node), (16 bytes).
    Removing ble_list.o(i.list_get_prev_node), (16 bytes).
    Removing ble_list.o(i.list_insert_node_after), (24 bytes).
    Removing ble_list.o(i.list_insert_node_before), (24 bytes).

495 unused section(s) (total 35350 bytes) removed from the image.

==============================================================================

Image Symbol Table

    Local Symbols

    Symbol Name                              Value     Ov Type        Size  Object(Section)

    ../clib/microlib/division.c              0x00000000   Number         0  uidiv.o ABSOLUTE
    ../clib/microlib/division.c              0x00000000   Number         0  uldiv.o ABSOLUTE
    ../clib/microlib/init/entry.s            0x00000000   Number         0  entry2.o ABSOLUTE
    ../clib/microlib/init/entry.s            0x00000000   Number         0  entry8a.o ABSOLUTE
    ../clib/microlib/init/entry.s            0x00000000   Number         0  entry5.o ABSOLUTE
    ../clib/microlib/init/entry.s            0x00000000   Number         0  entry7a.o ABSOLUTE
    ../clib/microlib/init/entry.s            0x00000000   Number         0  entry11b.o ABSOLUTE
    ../clib/microlib/init/entry.s            0x00000000   Number         0  entry11a.o ABSOLUTE
    ../clib/microlib/init/entry.s            0x00000000   Number         0  entry10b.o ABSOLUTE
    ../clib/microlib/init/entry.s            0x00000000   Number         0  entry10a.o ABSOLUTE
    ../clib/microlib/init/entry.s            0x00000000   Number         0  entry.o ABSOLUTE
    ../clib/microlib/init/entry.s            0x00000000   Number         0  entry9a.o ABSOLUTE
    ../clib/microlib/init/entry.s            0x00000000   Number         0  entry9b.o ABSOLUTE
    ../clib/microlib/init/entry.s            0x00000000   Number         0  entry8b.o ABSOLUTE
    ../clib/microlib/init/entry.s            0x00000000   Number         0  entry7b.o ABSOLUTE
    ../clib/microlib/longlong.c              0x00000000   Number         0  llushr.o ABSOLUTE
    ../clib/microlib/longlong.c              0x00000000   Number         0  llshl.o ABSOLUTE
    ../clib/microlib/longlong.c              0x00000000   Number         0  llsshr.o ABSOLUTE
    ../clib/microlib/printf/printf.c         0x00000000   Number         0  printfa.o ABSOLUTE
    ../clib/microlib/stdio/fputc.c           0x00000000   Number         0  fputc.o ABSOLUTE
    ../clib/microlib/stdio/semi.s            0x00000000   Number         0  semi.o ABSOLUTE
    ../clib/microlib/stdio/streams.c         0x00000000   Number         0  stdout.o ABSOLUTE
    ../clib/microlib/string/memcpy.c         0x00000000   Number         0  memcpyb.o ABSOLUTE
    ../clib/microlib/string/memcpy.c         0x00000000   Number         0  memcpya.o ABSOLUTE
    ../clib/microlib/string/memcpy.c         0x00000000   Number         0  memcpy.o ABSOLUTE
    ../clib/microlib/string/memcpy.c         0x00000000   Number         0  memcpyc.o ABSOLUTE
    ../clib/microlib/string/memset.c         0x00000000   Number         0  memset.o ABSOLUTE
    ../clib/microlib/string/memset.c         0x00000000   Number         0  memseta.o ABSOLUTE
    ../clib/microlib/stubs.s                 0x00000000   Number         0  iusefp.o ABSOLUTE
    ../clib/microlib/stubs.s                 0x00000000   Number         0  iusesemip.o ABSOLUTE
    ../clib/microlib/unhosted.c              0x00000000   Number         0  uread4.o ABSOLUTE
    ../clib/microlib/unhosted.c              0x00000000   Number         0  uwrite4.o ABSOLUTE
    ../fplib/microlib/fpadd.c                0x00000000   Number         0  dadd.o ABSOLUTE
    ../fplib/microlib/fpdiv.c                0x00000000   Number         0  ddiv.o ABSOLUTE
    ../fplib/microlib/fpdiv.c                0x00000000   Number         0  fdiv.o ABSOLUTE
    ../fplib/microlib/fpepilogue.c           0x00000000   Number         0  fepilogue.o ABSOLUTE
    ../fplib/microlib/fpepilogue.c           0x00000000   Number         0  depilogue.o ABSOLUTE
    ../fplib/microlib/fpfix.c                0x00000000   Number         0  ffixi.o ABSOLUTE
    ../fplib/microlib/fpfix.c                0x00000000   Number         0  dfixul.o ABSOLUTE
    ../fplib/microlib/fpflt.c                0x00000000   Number         0  ffltui.o ABSOLUTE
    ../fplib/microlib/fpmul.c                0x00000000   Number         0  dmul.o ABSOLUTE
    ..\..\..\..\..\..\Drivers\BSP\STM32F0xx-Nucleo\stm32f0xx_nucleo.c 0x00000000   Number         0  stm32f0xx_nucleo.o ABSOLUTE
    ..\..\..\..\..\..\Drivers\BSP\X-NUCLEO-IDB04A1\stm32_bluenrg_ble.c 0x00000000   Number         0  stm32_bluenrg_ble.o ABSOLUTE
    ..\..\..\..\..\..\Drivers\STM32F0xx_HAL_Driver\Src\stm32f0xx_hal.c 0x00000000   Number         0  stm32f0xx_hal.o ABSOLUTE
    ..\..\..\..\..\..\Drivers\STM32F0xx_HAL_Driver\Src\stm32f0xx_hal_adc.c 0x00000000   Number         0  stm32f0xx_hal_adc.o ABSOLUTE
    ..\..\..\..\..\..\Drivers\STM32F0xx_HAL_Driver\Src\stm32f0xx_hal_adc_ex.c 0x00000000   Number         0  stm32f0xx_hal_adc_ex.o ABSOLUTE
    ..\..\..\..\..\..\Drivers\STM32F0xx_HAL_Driver\Src\stm32f0xx_hal_cortex.c 0x00000000   Number         0  stm32f0xx_hal_cortex.o ABSOLUTE
    ..\..\..\..\..\..\Drivers\STM32F0xx_HAL_Driver\Src\stm32f0xx_hal_dma.c 0x00000000   Number         0  stm32f0xx_hal_dma.o ABSOLUTE
    ..\..\..\..\..\..\Drivers\STM32F0xx_HAL_Driver\Src\stm32f0xx_hal_flash.c 0x00000000   Number         0  stm32f0xx_hal_flash.o ABSOLUTE
    ..\..\..\..\..\..\Drivers\STM32F0xx_HAL_Driver\Src\stm32f0xx_hal_flash_ex.c 0x00000000   Number         0  stm32f0xx_hal_flash_ex.o ABSOLUTE
    ..\..\..\..\..\..\Drivers\STM32F0xx_HAL_Driver\Src\stm32f0xx_hal_gpio.c 0x00000000   Number         0  stm32f0xx_hal_gpio.o ABSOLUTE
    ..\..\..\..\..\..\Drivers\STM32F0xx_HAL_Driver\Src\stm32f0xx_hal_i2c.c 0x00000000   Number         0  stm32f0xx_hal_i2c.o ABSOLUTE
    ..\..\..\..\..\..\Drivers\STM32F0xx_HAL_Driver\Src\stm32f0xx_hal_i2c_ex.c 0x00000000   Number         0  stm32f0xx_hal_i2c_ex.o ABSOLUTE
    ..\..\..\..\..\..\Drivers\STM32F0xx_HAL_Driver\Src\stm32f0xx_hal_pwr.c 0x00000000   Number         0  stm32f0xx_hal_pwr.o ABSOLUTE
    ..\..\..\..\..\..\Drivers\STM32F0xx_HAL_Driver\Src\stm32f0xx_hal_pwr_ex.c 0x00000000   Number         0  stm32f0xx_hal_pwr_ex.o ABSOLUTE
    ..\..\..\..\..\..\Drivers\STM32F0xx_HAL_Driver\Src\stm32f0xx_hal_rcc.c 0x00000000   Number         0  stm32f0xx_hal_rcc.o ABSOLUTE
    ..\..\..\..\..\..\Drivers\STM32F0xx_HAL_Driver\Src\stm32f0xx_hal_rcc_ex.c 0x00000000   Number         0  stm32f0xx_hal_rcc_ex.o ABSOLUTE
    ..\..\..\..\..\..\Drivers\STM32F0xx_HAL_Driver\Src\stm32f0xx_hal_spi.c 0x00000000   Number         0  stm32f0xx_hal_spi.o ABSOLUTE
    ..\..\..\..\..\..\Drivers\STM32F0xx_HAL_Driver\Src\stm32f0xx_hal_spi_ex.c 0x00000000   Number         0  stm32f0xx_hal_spi_ex.o ABSOLUTE
    ..\..\..\..\..\..\Drivers\STM32F0xx_HAL_Driver\Src\stm32f0xx_hal_uart.c 0x00000000   Number         0  stm32f0xx_hal_uart.o ABSOLUTE
    ..\..\..\..\..\..\Middlewares\ST\STM32_BlueNRG\Interface\bluenrg_itf_template.c 0x00000000   Number         0  bluenrg_itf_template.o ABSOLUTE
    ..\..\..\..\..\..\Middlewares\ST\STM32_BlueNRG\SimpleBlueNRG_HCI\hci\controller\bluenrg_gap_aci.c 0x00000000   Number         0  bluenrg_gap_aci.o ABSOLUTE
    ..\..\..\..\..\..\Middlewares\ST\STM32_BlueNRG\SimpleBlueNRG_HCI\hci\controller\bluenrg_gatt_aci.c 0x00000000   Number         0  bluenrg_gatt_aci.o ABSOLUTE
    ..\..\..\..\..\..\Middlewares\ST\STM32_BlueNRG\SimpleBlueNRG_HCI\hci\controller\bluenrg_hal_aci.c 0x00000000   Number         0  bluenrg_hal_aci.o ABSOLUTE
    ..\..\..\..\..\..\Middlewares\ST\STM32_BlueNRG\SimpleBlueNRG_HCI\hci\controller\bluenrg_l2cap_aci.c 0x00000000   Number         0  bluenrg_l2cap_aci.o ABSOLUTE
    ..\..\..\..\..\..\Middlewares\ST\STM32_BlueNRG\SimpleBlueNRG_HCI\hci\controller\bluenrg_utils_small.c 0x00000000   Number         0  bluenrg_utils_small.o ABSOLUTE
    ..\..\..\..\..\..\Middlewares\ST\STM32_BlueNRG\SimpleBlueNRG_HCI\hci\hci.c 0x00000000   Number         0  hci.o ABSOLUTE
    ..\..\..\..\..\..\Middlewares\ST\STM32_BlueNRG\SimpleBlueNRG_HCI\utils\ble_list.c 0x00000000   Number         0  ble_list.o ABSOLUTE
    ..\..\..\..\..\..\Middlewares\ST\STM32_BlueNRG\SimpleBlueNRG_HCI\utils\gp_timer.c 0x00000000   Number         0  gp_timer.o ABSOLUTE
    ..\..\..\..\..\..\Middlewares\ST\STM32_BlueNRG\SimpleBlueNRG_HCI\utils\osal.c 0x00000000   Number         0  osal.o ABSOLUTE
    ..\..\Src\bluenrg_interface.c            0x00000000   Number         0  bluenrg_interface.o ABSOLUTE
    ..\..\Src\clock.c                        0x00000000   Number         0  clock.o ABSOLUTE
    ..\..\Src\common.c                       0x00000000   Number         0  common.o ABSOLUTE
    ..\..\Src\cube_hal_f0.c                  0x00000000   Number         0  cube_hal_f0.o ABSOLUTE
    ..\..\Src\i2c_support.c                  0x00000000   Number         0  i2c_support.o ABSOLUTE
    ..\..\Src\main.c                         0x00000000   Number         0  main.o ABSOLUTE
    ..\..\Src\sample_service.c               0x00000000   Number         0  sample_service.o ABSOLUTE
    ..\..\Src\stm32f0xx_hal_msp.c            0x00000000   Number         0  stm32f0xx_hal_msp.o ABSOLUTE
    ..\..\Src\stm32xx_it.c                   0x00000000   Number         0  stm32xx_it.o ABSOLUTE
    ..\..\Src\system_stm32f0xx.c             0x00000000   Number         0  system_stm32f0xx_1.o ABSOLUTE
    ..\..\Src\uart_support.c                 0x00000000   Number         0  uart_support.o ABSOLUTE
    ..\\..\\..\\..\\..\\..\\Drivers\\BSP\\STM32F0xx-Nucleo\\stm32f0xx_nucleo.c 0x00000000   Number         0  stm32f0xx_nucleo.o ABSOLUTE
    ..\\..\\..\\..\\..\\..\\Drivers\\BSP\\X-NUCLEO-IDB04A1\\stm32_bluenrg_ble.c 0x00000000   Number         0  stm32_bluenrg_ble.o ABSOLUTE
    ..\\..\\..\\..\\..\\..\\Drivers\\STM32F0xx_HAL_Driver\\Src\\stm32f0xx_hal.c 0x00000000   Number         0  stm32f0xx_hal.o ABSOLUTE
    ..\\..\\..\\..\\..\\..\\Drivers\\STM32F0xx_HAL_Driver\\Src\\stm32f0xx_hal_adc.c 0x00000000   Number         0  stm32f0xx_hal_adc.o ABSOLUTE
    ..\\..\\..\\..\\..\\..\\Drivers\\STM32F0xx_HAL_Driver\\Src\\stm32f0xx_hal_adc_ex.c 0x00000000   Number         0  stm32f0xx_hal_adc_ex.o ABSOLUTE
    ..\\..\\..\\..\\..\\..\\Drivers\\STM32F0xx_HAL_Driver\\Src\\stm32f0xx_hal_cortex.c 0x00000000   Number         0  stm32f0xx_hal_cortex.o ABSOLUTE
    ..\\..\\..\\..\\..\\..\\Drivers\\STM32F0xx_HAL_Driver\\Src\\stm32f0xx_hal_dma.c 0x00000000   Number         0  stm32f0xx_hal_dma.o ABSOLUTE
    ..\\..\\..\\..\\..\\..\\Drivers\\STM32F0xx_HAL_Driver\\Src\\stm32f0xx_hal_flash.c 0x00000000   Number         0  stm32f0xx_hal_flash.o ABSOLUTE
    ..\\..\\..\\..\\..\\..\\Drivers\\STM32F0xx_HAL_Driver\\Src\\stm32f0xx_hal_flash_ex.c 0x00000000   Number         0  stm32f0xx_hal_flash_ex.o ABSOLUTE
    ..\\..\\..\\..\\..\\..\\Drivers\\STM32F0xx_HAL_Driver\\Src\\stm32f0xx_hal_gpio.c 0x00000000   Number         0  stm32f0xx_hal_gpio.o ABSOLUTE
    ..\\..\\..\\..\\..\\..\\Drivers\\STM32F0xx_HAL_Driver\\Src\\stm32f0xx_hal_i2c.c 0x00000000   Number         0  stm32f0xx_hal_i2c.o ABSOLUTE
    ..\\..\\..\\..\\..\\..\\Drivers\\STM32F0xx_HAL_Driver\\Src\\stm32f0xx_hal_i2c_ex.c 0x00000000   Number         0  stm32f0xx_hal_i2c_ex.o ABSOLUTE
    ..\\..\\..\\..\\..\\..\\Drivers\\STM32F0xx_HAL_Driver\\Src\\stm32f0xx_hal_pwr.c 0x00000000   Number         0  stm32f0xx_hal_pwr.o ABSOLUTE
    ..\\..\\..\\..\\..\\..\\Drivers\\STM32F0xx_HAL_Driver\\Src\\stm32f0xx_hal_pwr_ex.c 0x00000000   Number         0  stm32f0xx_hal_pwr_ex.o ABSOLUTE
    ..\\..\\..\\..\\..\\..\\Drivers\\STM32F0xx_HAL_Driver\\Src\\stm32f0xx_hal_rcc.c 0x00000000   Number         0  stm32f0xx_hal_rcc.o ABSOLUTE
    ..\\..\\..\\..\\..\\..\\Drivers\\STM32F0xx_HAL_Driver\\Src\\stm32f0xx_hal_rcc_ex.c 0x00000000   Number         0  stm32f0xx_hal_rcc_ex.o ABSOLUTE
    ..\\..\\..\\..\\..\\..\\Drivers\\STM32F0xx_HAL_Driver\\Src\\stm32f0xx_hal_spi.c 0x00000000   Number         0  stm32f0xx_hal_spi.o ABSOLUTE
    ..\\..\\..\\..\\..\\..\\Drivers\\STM32F0xx_HAL_Driver\\Src\\stm32f0xx_hal_spi_ex.c 0x00000000   Number         0  stm32f0xx_hal_spi_ex.o ABSOLUTE
    ..\\..\\..\\..\\..\\..\\Drivers\\STM32F0xx_HAL_Driver\\Src\\stm32f0xx_hal_uart.c 0x00000000   Number         0  stm32f0xx_hal_uart.o ABSOLUTE
    ..\\..\\..\\..\\..\\..\\Middlewares\\ST\\STM32_BlueNRG\\SimpleBlueNRG_HCI\\hci\\controller\\bluenrg_utils_small.c 0x00000000   Number         0  bluenrg_utils_small.o ABSOLUTE
    ..\\..\\..\\..\\..\\..\\Middlewares\\ST\\STM32_BlueNRG\\SimpleBlueNRG_HCI\\hci\\hci.c 0x00000000   Number         0  hci.o ABSOLUTE
    ..\\..\\..\\..\\..\\..\\Middlewares\\ST\\STM32_BlueNRG\\SimpleBlueNRG_HCI\\utils\\ble_list.c 0x00000000   Number         0  ble_list.o ABSOLUTE
    ..\\..\\Src\\bluenrg_interface.c         0x00000000   Number         0  bluenrg_interface.o ABSOLUTE
    ..\\..\\Src\\clock.c                     0x00000000   Number         0  clock.o ABSOLUTE
    ..\\..\\Src\\common.c                    0x00000000   Number         0  common.o ABSOLUTE
    ..\\..\\Src\\cube_hal_f0.c               0x00000000   Number         0  cube_hal_f0.o ABSOLUTE
    ..\\..\\Src\\i2c_support.c               0x00000000   Number         0  i2c_support.o ABSOLUTE
    ..\\..\\Src\\main.c                      0x00000000   Number         0  main.o ABSOLUTE
    ..\\..\\Src\\sample_service.c            0x00000000   Number         0  sample_service.o ABSOLUTE
    ..\\..\\Src\\stm32f0xx_hal_msp.c         0x00000000   Number         0  stm32f0xx_hal_msp.o ABSOLUTE
    ..\\..\\Src\\stm32xx_it.c                0x00000000   Number         0  stm32xx_it.o ABSOLUTE
    ..\\..\\Src\\system_stm32f0xx.c          0x00000000   Number         0  system_stm32f0xx_1.o ABSOLUTE
    ..\\..\\Src\\uart_support.c              0x00000000   Number         0  uart_support.o ABSOLUTE
    cdrcmple.s                               0x00000000   Number         0  cdrcmple.o ABSOLUTE
    dc.s                                     0x00000000   Number         0  dc.o ABSOLUTE
    handlers.s                               0x00000000   Number         0  handlers.o ABSOLUTE
    init.s                                   0x00000000   Number         0  init.o ABSOLUTE
    startup_stm32f030x8.s                    0x00000000   Number         0  startup_stm32f030x8.o ABSOLUTE
    RESET                                    0x08000000   Section      180  startup_stm32f030x8.o(RESET)
    .ARM.Collect$$$$00000000                 0x080000b4   Section        0  entry.o(.ARM.Collect$$$$00000000)
    .ARM.Collect$$$$00000001                 0x080000b4   Section        4  entry2.o(.ARM.Collect$$$$00000001)
    .ARM.Collect$$$$00000004                 0x080000b8   Section        4  entry5.o(.ARM.Collect$$$$00000004)
    .ARM.Collect$$$$00000008                 0x080000bc   Section        0  entry7b.o(.ARM.Collect$$$$00000008)
    .ARM.Collect$$$$0000000A                 0x080000bc   Section        0  entry8b.o(.ARM.Collect$$$$0000000A)
    .ARM.Collect$$$$0000000B                 0x080000bc   Section        8  entry9a.o(.ARM.Collect$$$$0000000B)
    .ARM.Collect$$$$0000000D                 0x080000c4   Section        0  entry10a.o(.ARM.Collect$$$$0000000D)
    .ARM.Collect$$$$0000000F                 0x080000c4   Section        0  entry11a.o(.ARM.Collect$$$$0000000F)
    .ARM.Collect$$$$00002712                 0x080000c4   Section        4  entry2.o(.ARM.Collect$$$$00002712)
    __lit__00000000                          0x080000c4   Data           4  entry2.o(.ARM.Collect$$$$00002712)
    .text                                    0x080000c8   Section       28  startup_stm32f030x8.o(.text)
    .text                                    0x080000e4   Section        0  uidiv.o(.text)
    .text                                    0x08000110   Section        0  llushr.o(.text)
    .text                                    0x08000132   Section        0  memcpy.o(.text)
    .text                                    0x0800015a   Section        0  memseta.o(.text)
    .text                                    0x0800017e   Section        0  uread4.o(.text)
    .text                                    0x08000192   Section        0  uwrite4.o(.text)
    .text                                    0x080001a4   Section        0  fdiv.o(.text)
    .text                                    0x08000220   Section        0  ffltui.o(.text)
    .text                                    0x0800022e   Section        0  ffixi.o(.text)
    .text                                    0x08000260   Section        0  uldiv.o(.text)
    .text                                    0x080002c0   Section        0  fepilogue.o(.text)
    .text                                    0x080002c0   Section        0  iusefp.o(.text)
    .text                                    0x08000344   Section        0  dadd.o(.text)
    .text                                    0x080004a8   Section        0  dmul.o(.text)
    .text                                    0x08000578   Section        0  ddiv.o(.text)
    .text                                    0x08000668   Section        0  dfixul.o(.text)
    .text                                    0x080006a8   Section       40  cdrcmple.o(.text)
    .text                                    0x080006d0   Section       36  init.o(.text)
    .text                                    0x080006f4   Section        0  llshl.o(.text)
    .text                                    0x08000714   Section        0  llsshr.o(.text)
    .text                                    0x0800073a   Section        0  depilogue.o(.text)
    i.Add_Sample_Service                     0x080007f8   Section        0  sample_service.o(i.Add_Sample_Service)
    i.Attribute_Modified_CB                  0x08000920   Section        0  sample_service.o(i.Attribute_Modified_CB)
    i.BNRG_SPI_Init                          0x0800094c   Section        0  stm32_bluenrg_ble.o(i.BNRG_SPI_Init)
    i.BSP_LED_Init                           0x0800098c   Section        0  stm32f0xx_nucleo.o(i.BSP_LED_Init)
    i.BSP_LED_On                             0x080009d8   Section        0  stm32f0xx_nucleo.o(i.BSP_LED_On)
    i.BSP_LED_Toggle                         0x080009f8   Section        0  stm32f0xx_nucleo.o(i.BSP_LED_Toggle)
    i.BSP_PB_GetState                        0x08000a14   Section        0  stm32f0xx_nucleo.o(i.BSP_PB_GetState)
    i.BSP_PB_Init                            0x08000a30   Section        0  stm32f0xx_nucleo.o(i.BSP_PB_Init)
    i.BlueNRG_DataPresent                    0x08000aa8   Section        0  stm32_bluenrg_ble.o(i.BlueNRG_DataPresent)
    i.BlueNRG_RST                            0x08000abc   Section        0  stm32_bluenrg_ble.o(i.BlueNRG_RST)
    i.BlueNRG_SPI_Read_All                   0x08000ae8   Section        0  stm32_bluenrg_ble.o(i.BlueNRG_SPI_Read_All)
    i.BlueNRG_SPI_Write                      0x08000b7c   Section        0  stm32_bluenrg_ble.o(i.BlueNRG_SPI_Write)
    i.Clear_SPI_EXTI_Flag                    0x08000c20   Section        0  stm32_bluenrg_ble.o(i.Clear_SPI_EXTI_Flag)
    i.Clock_Time                             0x08000c2c   Section        0  clock.o(i.Clock_Time)
    i.Clock_Wait                             0x08000c34   Section        0  clock.o(i.Clock_Wait)
    i.Disable_SPI_IRQ                        0x08000c3c   Section        0  stm32_bluenrg_ble.o(i.Disable_SPI_IRQ)
    i.EXTI0_1_IRQHandler                     0x08000c46   Section        0  stm32xx_it.o(i.EXTI0_1_IRQHandler)
    i.EXTI4_15_IRQHandler                    0x08000c50   Section        0  stm32xx_it.o(i.EXTI4_15_IRQHandler)
    i.Enable_SPI_IRQ                         0x08000c68   Section        0  stm32_bluenrg_ble.o(i.Enable_SPI_IRQ)
    i.Error_Handler                          0x08000c72   Section        0  main.o(i.Error_Handler)
    i.GAP_ConnectionComplete_CB              0x08000c80   Section        0  sample_service.o(i.GAP_ConnectionComplete_CB)
    i.GAP_DisconnectionComplete_CB           0x08000cd8   Section        0  sample_service.o(i.GAP_DisconnectionComplete_CB)
    i.GATT_Notification_CB                   0x08000d0c   Section        0  sample_service.o(i.GATT_Notification_CB)
    i.HAL_Delay                              0x08000e4c   Section        0  stm32f0xx_hal.o(i.HAL_Delay)
    i.HAL_GPIO_EXTI_Callback                 0x08000e62   Section        0  bluenrg_interface.o(i.HAL_GPIO_EXTI_Callback)
    i.HAL_GPIO_EXTI_IRQHandler               0x08000e6c   Section        0  stm32f0xx_hal_gpio.o(i.HAL_GPIO_EXTI_IRQHandler)
    i.HAL_GPIO_Init                          0x08000e84   Section        0  stm32f0xx_hal_gpio.o(i.HAL_GPIO_Init)
    i.HAL_GPIO_ReadPin                       0x08000fcc   Section        0  stm32f0xx_hal_gpio.o(i.HAL_GPIO_ReadPin)
    i.HAL_GPIO_TogglePin                     0x08000fd6   Section        0  stm32f0xx_hal_gpio.o(i.HAL_GPIO_TogglePin)
    i.HAL_GPIO_WritePin                      0x08000fde   Section        0  stm32f0xx_hal_gpio.o(i.HAL_GPIO_WritePin)
    i.HAL_GetTick                            0x08000fec   Section        0  stm32f0xx_hal.o(i.HAL_GetTick)
    i.HAL_I2CEx_ConfigAnalogFilter           0x08000ff8   Section        0  stm32f0xx_hal_i2c_ex.o(i.HAL_I2CEx_ConfigAnalogFilter)
    i.HAL_I2C_Init                           0x08001044   Section        0  stm32f0xx_hal_i2c.o(i.HAL_I2C_Init)
    i.HAL_I2C_Master_Receive                 0x080010ec   Section        0  stm32f0xx_hal_i2c.o(i.HAL_I2C_Master_Receive)
    i.HAL_I2C_Master_Transmit                0x08001204   Section        0  stm32f0xx_hal_i2c.o(i.HAL_I2C_Master_Transmit)
    i.HAL_I2C_MspInit                        0x0800131c   Section        0  i2c_support.o(i.HAL_I2C_MspInit)
    i.HAL_IncTick                            0x08001374   Section        0  stm32f0xx_hal.o(i.HAL_IncTick)
    i.HAL_Init                               0x08001384   Section        0  stm32f0xx_hal.o(i.HAL_Init)
    i.HAL_InitTick                           0x080013a4   Section        0  stm32f0xx_hal.o(i.HAL_InitTick)
    i.HAL_MspInit                            0x080013c6   Section        0  stm32f0xx_hal.o(i.HAL_MspInit)
    i.HAL_NVIC_DisableIRQ                    0x080013c8   Section        0  stm32f0xx_hal_cortex.o(i.HAL_NVIC_DisableIRQ)
    i.HAL_NVIC_EnableIRQ                     0x080013dc   Section        0  stm32f0xx_hal_cortex.o(i.HAL_NVIC_EnableIRQ)
    i.HAL_NVIC_SetPriority                   0x080013f0   Section        0  stm32f0xx_hal_cortex.o(i.HAL_NVIC_SetPriority)
    i.HAL_RCC_ClockConfig                    0x080013f8   Section        0  stm32f0xx_hal_rcc.o(i.HAL_RCC_ClockConfig)
    i.HAL_RCC_GetHCLKFreq                    0x08001524   Section        0  stm32f0xx_hal_rcc.o(i.HAL_RCC_GetHCLKFreq)
    i.HAL_RCC_GetPCLK1Freq                   0x08001530   Section        0  stm32f0xx_hal_rcc.o(i.HAL_RCC_GetPCLK1Freq)
    i.HAL_RCC_GetSysClockFreq                0x08001550   Section        0  stm32f0xx_hal_rcc.o(i.HAL_RCC_GetSysClockFreq)
    i.HAL_RCC_OscConfig                      0x080015c8   Section        0  stm32f0xx_hal_rcc.o(i.HAL_RCC_OscConfig)
    i.HAL_SPI_Init                           0x0800191c   Section        0  stm32f0xx_hal_spi.o(i.HAL_SPI_Init)
    i.HAL_SPI_MspInit                        0x080019ec   Section        0  stm32f0xx_hal_msp.o(i.HAL_SPI_MspInit)
    i.HAL_SPI_TransmitReceive                0x08001b1c   Section        0  stm32f0xx_hal_spi.o(i.HAL_SPI_TransmitReceive)
    i.HAL_SYSTICK_Config                     0x08001dec   Section        0  stm32f0xx_hal_cortex.o(i.HAL_SYSTICK_Config)
    i.HAL_UART_Init                          0x08001e1c   Section        0  stm32f0xx_hal_uart.o(i.HAL_UART_Init)
    i.HAL_UART_MspInit                       0x08001e88   Section        0  main.o(i.HAL_UART_MspInit)
    i.HAL_UART_Receive                       0x08001eec   Section        0  stm32f0xx_hal_uart.o(i.HAL_UART_Receive)
    i.HAL_UART_Transmit                      0x08001fc0   Section        0  stm32f0xx_hal_uart.o(i.HAL_UART_Transmit)
    i.HCI_Event_CB                           0x08002070   Section        0  sample_service.o(i.HCI_Event_CB)
    i.HCI_Init                               0x080021dc   Section        0  hci.o(i.HCI_Init)
    i.HCI_Isr                                0x08002210   Section        0  hci.o(i.HCI_Isr)
    i.HCI_Process                            0x0800227c   Section        0  hci.o(i.HCI_Process)
    i.HCI_Queue_Empty                        0x080022c4   Section        0  hci.o(i.HCI_Queue_Empty)
    i.HCI_verify                             0x080022d4   Section        0  hci.o(i.HCI_verify)
    i.Hal_Write_Serial                       0x080022f8   Section        0  stm32_bluenrg_ble.o(i.Hal_Write_Serial)
    i.HardFault_Handler                      0x0800233c   Section        0  stm32xx_it.o(i.HardFault_Handler)
    i.I2C_Flush_TXDR                         0x0800233e   Section        0  stm32f0xx_hal_i2c.o(i.I2C_Flush_TXDR)
    I2C_Flush_TXDR                           0x0800233f   Thumb Code    34  stm32f0xx_hal_i2c.o(i.I2C_Flush_TXDR)
    i.I2C_IsAcknowledgeFailed                0x08002360   Section        0  stm32f0xx_hal_i2c.o(i.I2C_IsAcknowledgeFailed)
    I2C_IsAcknowledgeFailed                  0x08002361   Thumb Code   110  stm32f0xx_hal_i2c.o(i.I2C_IsAcknowledgeFailed)
    i.I2C_TransferConfig                     0x080023d4   Section        0  stm32f0xx_hal_i2c.o(i.I2C_TransferConfig)
    I2C_TransferConfig                       0x080023d5   Thumb Code    30  stm32f0xx_hal_i2c.o(i.I2C_TransferConfig)
    i.I2C_WaitOnFlagUntilTimeout             0x080023f8   Section        0  stm32f0xx_hal_i2c.o(i.I2C_WaitOnFlagUntilTimeout)
    I2C_WaitOnFlagUntilTimeout               0x080023f9   Thumb Code    72  stm32f0xx_hal_i2c.o(i.I2C_WaitOnFlagUntilTimeout)
    i.I2C_WaitOnRXNEFlagUntilTimeout         0x08002440   Section        0  stm32f0xx_hal_i2c.o(i.I2C_WaitOnRXNEFlagUntilTimeout)
    I2C_WaitOnRXNEFlagUntilTimeout           0x08002441   Thumb Code   114  stm32f0xx_hal_i2c.o(i.I2C_WaitOnRXNEFlagUntilTimeout)
    i.I2C_WaitOnSTOPFlagUntilTimeout         0x080024b8   Section        0  stm32f0xx_hal_i2c.o(i.I2C_WaitOnSTOPFlagUntilTimeout)
    I2C_WaitOnSTOPFlagUntilTimeout           0x080024b9   Thumb Code    78  stm32f0xx_hal_i2c.o(i.I2C_WaitOnSTOPFlagUntilTimeout)
    i.I2C_WaitOnTXISFlagUntilTimeout         0x08002506   Section        0  stm32f0xx_hal_i2c.o(i.I2C_WaitOnTXISFlagUntilTimeout)
    I2C_WaitOnTXISFlagUntilTimeout           0x08002507   Thumb Code    82  stm32f0xx_hal_i2c.o(i.I2C_WaitOnTXISFlagUntilTimeout)
    i.MX_I2C1_Init                           0x08002558   Section        0  i2c_support.o(i.MX_I2C1_Init)
    i.Make_Connection                        0x08002594   Section        0  sample_service.o(i.Make_Connection)
    i.NMI_Handler                            0x080026ac   Section        0  stm32xx_it.o(i.NMI_Handler)
    i.NVIC_SetPriority                       0x080026b0   Section        0  stm32f0xx_hal_cortex.o(i.NVIC_SetPriority)
    NVIC_SetPriority                         0x080026b1   Thumb Code    60  stm32f0xx_hal_cortex.o(i.NVIC_SetPriority)
    i.Osal_MemCpy                            0x080026f4   Section        0  osal.o(i.Osal_MemCpy)
    i.Osal_MemSet                            0x080026fc   Section        0  osal.o(i.Osal_MemSet)
    i.PRINT_MESG_UART                        0x08002704   Section        0  uart_support.o(i.PRINT_MESG_UART)
    i.PendSV_Handler                         0x08002738   Section        0  stm32xx_it.o(i.PendSV_Handler)
    i.SPI_EndRxTxTransaction                 0x0800273a   Section        0  stm32f0xx_hal_spi.o(i.SPI_EndRxTxTransaction)
    SPI_EndRxTxTransaction                   0x0800273b   Thumb Code    50  stm32f0xx_hal_spi.o(i.SPI_EndRxTxTransaction)
    i.SPI_WaitFifoStateUntilTimeout          0x0800276c   Section        0  stm32f0xx_hal_spi.o(i.SPI_WaitFifoStateUntilTimeout)
    SPI_WaitFifoStateUntilTimeout            0x0800276d   Thumb Code   158  stm32f0xx_hal_spi.o(i.SPI_WaitFifoStateUntilTimeout)
    i.SPI_WaitFlagStateUntilTimeout          0x08002810   Section        0  stm32f0xx_hal_spi.o(i.SPI_WaitFlagStateUntilTimeout)
    SPI_WaitFlagStateUntilTimeout            0x08002811   Thumb Code   138  stm32f0xx_hal_spi.o(i.SPI_WaitFlagStateUntilTimeout)
    i.SVC_Handler                            0x080028a0   Section        0  stm32xx_it.o(i.SVC_Handler)
    i.SysTick_Handler                        0x080028a4   Section        0  stm32xx_it.o(i.SysTick_Handler)
    i.SystemClock_Config                     0x080028b8   Section        0  cube_hal_f0.o(i.SystemClock_Config)
    i.SystemInit                             0x080028f8   Section        0  system_stm32f0xx_1.o(i.SystemInit)
    i.Timer_Expired                          0x08002954   Section        0  gp_timer.o(i.Timer_Expired)
    i.Timer_Set                              0x08002970   Section        0  gp_timer.o(i.Timer_Set)
    i.UART_AdvFeatureConfig                  0x0800297e   Section        0  stm32f0xx_hal_uart.o(i.UART_AdvFeatureConfig)
    i.UART_CheckIdleState                    0x08002a48   Section        0  stm32f0xx_hal_uart.o(i.UART_CheckIdleState)
    i.UART_SetConfig                         0x08002a5c   Section        0  stm32f0xx_hal_uart.o(i.UART_SetConfig)
    i.UART_WaitOnFlagUntilTimeout            0x08002b8c   Section        0  stm32f0xx_hal_uart.o(i.UART_WaitOnFlagUntilTimeout)
    i.User_Process                           0x08002c40   Section        0  main.o(i.User_Process)
    i.__0vsnprintf                           0x08002d34   Section        0  printfa.o(i.__0vsnprintf)
    i.__ARM_clz                              0x08002d58   Section        0  depilogue.o(i.__ARM_clz)
    i.__scatterload_copy                     0x08002d86   Section       14  handlers.o(i.__scatterload_copy)
    i.__scatterload_null                     0x08002d94   Section        2  handlers.o(i.__scatterload_null)
    i.__scatterload_zeroinit                 0x08002d96   Section       14  handlers.o(i.__scatterload_zeroinit)
    i._fp_digits                             0x08002da4   Section        0  printfa.o(i._fp_digits)
    _fp_digits                               0x08002da5   Thumb Code   316  printfa.o(i._fp_digits)
    i._printf_core                           0x08002efc   Section        0  printfa.o(i._printf_core)
    _printf_core                             0x08002efd   Thumb Code  1754  printfa.o(i._printf_core)
    i._printf_post_padding                   0x080035e8   Section        0  printfa.o(i._printf_post_padding)
    _printf_post_padding                     0x080035e9   Thumb Code    32  printfa.o(i._printf_post_padding)
    i._printf_pre_padding                    0x08003608   Section        0  printfa.o(i._printf_pre_padding)
    _printf_pre_padding                      0x08003609   Thumb Code    44  printfa.o(i._printf_pre_padding)
    i._snputc                                0x08003634   Section        0  printfa.o(i._snputc)
    _snputc                                  0x08003635   Thumb Code    22  printfa.o(i._snputc)
    i.aci_gap_create_connection              0x0800364a   Section        0  bluenrg_gap_aci.o(i.aci_gap_create_connection)
    i.aci_gap_init_IDB04A1                   0x080036bc   Section        0  bluenrg_gap_aci.o(i.aci_gap_init_IDB04A1)
    i.aci_gap_init_IDB05A1                   0x08003738   Section        0  bluenrg_gap_aci.o(i.aci_gap_init_IDB05A1)
    i.aci_gap_set_auth_requirement           0x080037b6   Section        0  bluenrg_gap_aci.o(i.aci_gap_set_auth_requirement)
    i.aci_gap_set_discoverable               0x0800382a   Section        0  bluenrg_gap_aci.o(i.aci_gap_set_discoverable)
    i.aci_gatt_add_char                      0x080038d8   Section        0  bluenrg_gatt_aci.o(i.aci_gatt_add_char)
    i.aci_gatt_add_serv                      0x08003988   Section        0  bluenrg_gatt_aci.o(i.aci_gatt_add_serv)
    i.aci_gatt_init                          0x08003a08   Section        0  bluenrg_gatt_aci.o(i.aci_gatt_init)
    i.aci_gatt_update_char_value             0x08003a40   Section        0  bluenrg_gatt_aci.o(i.aci_gatt_update_char_value)
    i.aci_hal_set_tx_power_level             0x08003ab4   Section        0  bluenrg_hal_aci.o(i.aci_hal_set_tx_power_level)
    i.aci_hal_write_config_data              0x08003af8   Section        0  bluenrg_hal_aci.o(i.aci_hal_write_config_data)
    i.getBlueNRGVersion                      0x08003b56   Section        0  bluenrg_utils_small.o(i.getBlueNRGVersion)
    i.hci_le_read_local_version              0x08003ba8   Section        0  hci.o(i.hci_le_read_local_version)
    i.hci_le_set_scan_resp_data              0x08003c2a   Section        0  hci.o(i.hci_le_set_scan_resp_data)
    i.hci_send_cmd                           0x08003c8c   Section        0  hci.o(i.hci_send_cmd)
    i.hci_send_req                           0x08003cbc   Section        0  hci.o(i.hci_send_req)
    i.hci_write                              0x08003e4c   Section        0  hci.o(i.hci_write)
    i.list_get_size                          0x08003e54   Section        0  ble_list.o(i.list_get_size)
    i.list_init_head                         0x08003e70   Section        0  ble_list.o(i.list_init_head)
    i.list_insert_head                       0x08003e76   Section        0  ble_list.o(i.list_insert_head)
    i.list_insert_tail                       0x08003e8e   Section        0  ble_list.o(i.list_insert_tail)
    i.list_is_empty                          0x08003ea6   Section        0  ble_list.o(i.list_is_empty)
    i.list_remove_head                       0x08003ebe   Section        0  ble_list.o(i.list_remove_head)
    i.list_remove_node                       0x08003ee2   Section        0  ble_list.o(i.list_remove_node)
    i.list_remove_tail                       0x08003ef8   Section        0  ble_list.o(i.list_remove_tail)
    i.main                                   0x08003f1c   Section        0  main.o(i.main)
    i.move_list                              0x08004170   Section        0  hci.o(i.move_list)
    move_list                                0x08004171   Thumb Code    36  hci.o(i.move_list)
    i.receiveData                            0x08004194   Section        0  sample_service.o(i.receiveData)
    i.sendData                               0x080042cc   Section        0  sample_service.o(i.sendData)
    i.vcom_init                              0x080042e4   Section        0  main.o(i.vcom_init)
    .constdata                               0x08004318   Section        4  clock.o(.constdata)
    .constdata                               0x0800431c   Section        6  stm32f0xx_nucleo.o(.constdata)
    .constdata                               0x08004322   Section       16  system_stm32f0xx_1.o(.constdata)
    .constdata                               0x08004332   Section        8  system_stm32f0xx_1.o(.constdata)
    .data                                    0x20000000   Section        2  main.o(.data)
    .data                                    0x20000002   Section        1  main.o(.data)
    .data                                    0x20000004   Section       48  sample_service.o(.data)
    time                                     0x2000001c   Data           4  sample_service.o(.data)
    time2                                    0x20000020   Data           4  sample_service.o(.data)
    packets                                  0x20000024   Data           4  sample_service.o(.data)
    n_packet1                                0x20000028   Data           4  sample_service.o(.data)
    n_packet2                                0x2000002c   Data           4  sample_service.o(.data)
    lost_packets                             0x20000030   Data           4  sample_service.o(.data)
    .data                                    0x20000034   Section        8  stm32xx_it.o(.data)
    .data                                    0x2000003c   Section        1  uart_support.o(.data)
    .data                                    0x2000003d   Section        1  i2c_support.o(.data)
    .data                                    0x2000003e   Section        1  i2c_support.o(.data)
    .data                                    0x20000040   Section       12  stm32f0xx_nucleo.o(.data)
    .data                                    0x2000004c   Section        4  system_stm32f0xx_1.o(.data)
    .data                                    0x20000050   Section        4  stm32f0xx_hal.o(.data)
    .data                                    0x20000054   Section       20  hci.o(.data)
    hci_timeout                              0x20000054   Data           1  hci.o(.data)
    .bss                                     0x20000068   Section      112  main.o(.bss)
    .bss                                     0x200000d8   Section       76  i2c_support.o(.bss)
    .bss                                     0x20000124   Section      100  stm32_bluenrg_ble.o(.bss)
    .bss                                     0x20000188   Section      700  hci.o(.bss)
    hciReadPacketBuffer                      0x20000188   Data         700  hci.o(.bss)
    STACK                                    0x20000448   Section     1024  startup_stm32f030x8.o(STACK)

    Global Symbols

    Symbol Name                              Value     Ov Type        Size  Object(Section)

    BuildAttributes$$THM_ISAv3M$S$PE$A:L22$X:L11$S22$IEEE1$IW$USESV6$~STKCKD$USESV7$~SHL$OTIME$ROPI$EBA8$MICROLIB$REQ8$PRES8$EABIv2 0x00000000   Number         0  anon$$obj.o ABSOLUTE
    __ARM_use_no_argv                        0x00000000   Number         0  main.o ABSOLUTE
    __cpp_initialize__aeabi_                  - Undefined Weak Reference
    __cxa_finalize                            - Undefined Weak Reference
    __decompress                              - Undefined Weak Reference
    _clock_init                               - Undefined Weak Reference
    _microlib_exit                            - Undefined Weak Reference
    __Vectors_Size                           0x000000b4   Number         0  startup_stm32f030x8.o ABSOLUTE
    __Vectors                                0x08000000   Data           4  startup_stm32f030x8.o(RESET)
    __Vectors_End                            0x080000b4   Data           0  startup_stm32f030x8.o(RESET)
    __main                                   0x080000b5   Thumb Code     0  entry.o(.ARM.Collect$$$$00000000)
    _main_stk                                0x080000b5   Thumb Code     0  entry2.o(.ARM.Collect$$$$00000001)
    _main_scatterload                        0x080000b9   Thumb Code     0  entry5.o(.ARM.Collect$$$$00000004)
    __main_after_scatterload                 0x080000bd   Thumb Code     0  entry5.o(.ARM.Collect$$$$00000004)
    _main_clock                              0x080000bd   Thumb Code     0  entry7b.o(.ARM.Collect$$$$00000008)
    _main_cpp_init                           0x080000bd   Thumb Code     0  entry8b.o(.ARM.Collect$$$$0000000A)
    _main_init                               0x080000bd   Thumb Code     0  entry9a.o(.ARM.Collect$$$$0000000B)
    __rt_final_cpp                           0x080000c5   Thumb Code     0  entry10a.o(.ARM.Collect$$$$0000000D)
    __rt_final_exit                          0x080000c5   Thumb Code     0  entry11a.o(.ARM.Collect$$$$0000000F)
    Reset_Handler                            0x080000c9   Thumb Code     8  startup_stm32f030x8.o(.text)
    ADC1_IRQHandler                          0x080000db   Thumb Code     0  startup_stm32f030x8.o(.text)
    DMA1_Channel1_IRQHandler                 0x080000db   Thumb Code     0  startup_stm32f030x8.o(.text)
    DMA1_Channel2_3_IRQHandler               0x080000db   Thumb Code     0  startup_stm32f030x8.o(.text)
    DMA1_Channel4_5_IRQHandler               0x080000db   Thumb Code     0  startup_stm32f030x8.o(.text)
    EXTI2_3_IRQHandler                       0x080000db   Thumb Code     0  startup_stm32f030x8.o(.text)
    FLASH_IRQHandler                         0x080000db   Thumb Code     0  startup_stm32f030x8.o(.text)
    I2C1_IRQHandler                          0x080000db   Thumb Code     0  startup_stm32f030x8.o(.text)
    I2C2_IRQHandler                          0x080000db   Thumb Code     0  startup_stm32f030x8.o(.text)
    RCC_IRQHandler                           0x080000db   Thumb Code     0  startup_stm32f030x8.o(.text)
    RTC_IRQHandler                           0x080000db   Thumb Code     0  startup_stm32f030x8.o(.text)
    SPI1_IRQHandler                          0x080000db   Thumb Code     0  startup_stm32f030x8.o(.text)
    SPI2_IRQHandler                          0x080000db   Thumb Code     0  startup_stm32f030x8.o(.text)
    TIM14_IRQHandler                         0x080000db   Thumb Code     0  startup_stm32f030x8.o(.text)
    TIM15_IRQHandler                         0x080000db   Thumb Code     0  startup_stm32f030x8.o(.text)
    TIM16_IRQHandler                         0x080000db   Thumb Code     0  startup_stm32f030x8.o(.text)
    TIM17_IRQHandler                         0x080000db   Thumb Code     0  startup_stm32f030x8.o(.text)
    TIM1_BRK_UP_TRG_COM_IRQHandler           0x080000db   Thumb Code     0  startup_stm32f030x8.o(.text)
    TIM1_CC_IRQHandler                       0x080000db   Thumb Code     0  startup_stm32f030x8.o(.text)
    TIM3_IRQHandler                          0x080000db   Thumb Code     0  startup_stm32f030x8.o(.text)
    USART1_IRQHandler                        0x080000db   Thumb Code     0  startup_stm32f030x8.o(.text)
    USART2_IRQHandler                        0x080000db   Thumb Code     0  startup_stm32f030x8.o(.text)
    WWDG_IRQHandler                          0x080000db   Thumb Code     0  startup_stm32f030x8.o(.text)
    __aeabi_uidiv                            0x080000e5   Thumb Code     0  uidiv.o(.text)
    __aeabi_uidivmod                         0x080000e5   Thumb Code    44  uidiv.o(.text)
    __aeabi_llsr                             0x08000111   Thumb Code    34  llushr.o(.text)
    _ll_ushift_r                             0x08000111   Thumb Code     0  llushr.o(.text)
    ___aeabi_memcpy$ret                      0x08000133   Thumb Code    40  memcpy.o(.text)
    ___aeabi_memcpy8$ret                     0x08000133   Thumb Code     0  memcpy.o(.text)
    __aeabi_memcpy4                          0x08000133   Thumb Code     0  memcpy.o(.text)
    memcpy                                   0x08000133   Thumb Code     0  memcpy.o(.text)
    __aeabi_memset                           0x0800015b   Thumb Code    14  memseta.o(.text)
    __aeabi_memset4                          0x0800015b   Thumb Code     0  memseta.o(.text)
    __aeabi_memset8                          0x0800015b   Thumb Code     0  memseta.o(.text)
    __aeabi_memclr                           0x08000169   Thumb Code     4  memseta.o(.text)
    __aeabi_memclr4                          0x08000169   Thumb Code     0  memseta.o(.text)
    __aeabi_memclr8                          0x08000169   Thumb Code     0  memseta.o(.text)
    memset                                   0x0800016d   Thumb Code    18  memseta.o(.text)
    __aeabi_uread4                           0x0800017f   Thumb Code    20  uread4.o(.text)
    __rt_uread4                              0x0800017f   Thumb Code     0  uread4.o(.text)
    _uread4                                  0x0800017f   Thumb Code     0  uread4.o(.text)
    __aeabi_uwrite4                          0x08000193   Thumb Code    18  uwrite4.o(.text)
    __rt_uwrite4                             0x08000193   Thumb Code     0  uwrite4.o(.text)
    _uwrite4                                 0x08000193   Thumb Code     0  uwrite4.o(.text)
    __aeabi_fdiv                             0x080001a5   Thumb Code   124  fdiv.o(.text)
    __aeabi_ui2f                             0x08000221   Thumb Code    14  ffltui.o(.text)
    __aeabi_f2iz                             0x0800022f   Thumb Code    50  ffixi.o(.text)
    __aeabi_uldivmod                         0x08000261   Thumb Code    96  uldiv.o(.text)
    __I$use$fp                               0x080002c1   Thumb Code     0  iusefp.o(.text)
    _float_round                             0x080002c1   Thumb Code    16  fepilogue.o(.text)
    _float_epilogue                          0x080002d1   Thumb Code   114  fepilogue.o(.text)
    __aeabi_dadd                             0x08000345   Thumb Code   328  dadd.o(.text)
    __aeabi_dsub                             0x0800048d   Thumb Code    12  dadd.o(.text)
    __aeabi_drsub                            0x08000499   Thumb Code    12  dadd.o(.text)
    __aeabi_dmul                             0x080004a9   Thumb Code   202  dmul.o(.text)
    __aeabi_ddiv                             0x08000579   Thumb Code   234  ddiv.o(.text)
    __aeabi_d2ulz                            0x08000669   Thumb Code    54  dfixul.o(.text)
    __aeabi_cdrcmple                         0x080006a9   Thumb Code    38  cdrcmple.o(.text)
    __scatterload                            0x080006d1   Thumb Code    28  init.o(.text)
    __scatterload_rt2                        0x080006d1   Thumb Code     0  init.o(.text)
    __aeabi_llsl                             0x080006f5   Thumb Code    32  llshl.o(.text)
    _ll_shift_l                              0x080006f5   Thumb Code     0  llshl.o(.text)
    __aeabi_lasr                             0x08000715   Thumb Code    38  llsshr.o(.text)
    _ll_sshift_r                             0x08000715   Thumb Code     0  llsshr.o(.text)
    _double_round                            0x0800073b   Thumb Code    26  depilogue.o(.text)
    _double_epilogue                         0x08000755   Thumb Code   164  depilogue.o(.text)
    Add_Sample_Service                       0x080007f9   Thumb Code   144  sample_service.o(i.Add_Sample_Service)
    Attribute_Modified_CB                    0x08000921   Thumb Code    38  sample_service.o(i.Attribute_Modified_CB)
    BNRG_SPI_Init                            0x0800094d   Thumb Code    54  stm32_bluenrg_ble.o(i.BNRG_SPI_Init)
    BSP_LED_Init                             0x0800098d   Thumb Code    62  stm32f0xx_nucleo.o(i.BSP_LED_Init)
    BSP_LED_On                               0x080009d9   Thumb Code    22  stm32f0xx_nucleo.o(i.BSP_LED_On)
    BSP_LED_Toggle                           0x080009f9   Thumb Code    20  stm32f0xx_nucleo.o(i.BSP_LED_Toggle)
    BSP_PB_GetState                          0x08000a15   Thumb Code    20  stm32f0xx_nucleo.o(i.BSP_PB_GetState)
    BSP_PB_Init                              0x08000a31   Thumb Code   102  stm32f0xx_nucleo.o(i.BSP_PB_Init)
    BlueNRG_DataPresent                      0x08000aa9   Thumb Code    20  stm32_bluenrg_ble.o(i.BlueNRG_DataPresent)
    BlueNRG_RST                              0x08000abd   Thumb Code    44  stm32_bluenrg_ble.o(i.BlueNRG_RST)
    BlueNRG_SPI_Read_All                     0x08000ae9   Thumb Code   140  stm32_bluenrg_ble.o(i.BlueNRG_SPI_Read_All)
    BlueNRG_SPI_Write                        0x08000b7d   Thumb Code   148  stm32_bluenrg_ble.o(i.BlueNRG_SPI_Write)
    Clear_SPI_EXTI_Flag                      0x08000c21   Thumb Code     8  stm32_bluenrg_ble.o(i.Clear_SPI_EXTI_Flag)
    Clock_Time                               0x08000c2d   Thumb Code     8  clock.o(i.Clock_Time)
    Clock_Wait                               0x08000c35   Thumb Code     8  clock.o(i.Clock_Wait)
    Disable_SPI_IRQ                          0x08000c3d   Thumb Code    10  stm32_bluenrg_ble.o(i.Disable_SPI_IRQ)
    EXTI0_1_IRQHandler                       0x08000c47   Thumb Code    10  stm32xx_it.o(i.EXTI0_1_IRQHandler)
    EXTI4_15_IRQHandler                      0x08000c51   Thumb Code    18  stm32xx_it.o(i.EXTI4_15_IRQHandler)
    Enable_SPI_IRQ                           0x08000c69   Thumb Code    10  stm32_bluenrg_ble.o(i.Enable_SPI_IRQ)
    Error_Handler                            0x08000c73   Thumb Code    14  main.o(i.Error_Handler)
    GAP_ConnectionComplete_CB                0x08000c81   Thumb Code    44  sample_service.o(i.GAP_ConnectionComplete_CB)
    GAP_DisconnectionComplete_CB             0x08000cd9   Thumb Code    30  sample_service.o(i.GAP_DisconnectionComplete_CB)
    GATT_Notification_CB                     0x08000d0d   Thumb Code   210  sample_service.o(i.GATT_Notification_CB)
    HAL_Delay                                0x08000e4d   Thumb Code    22  stm32f0xx_hal.o(i.HAL_Delay)
    HAL_GPIO_EXTI_Callback                   0x08000e63   Thumb Code     8  bluenrg_interface.o(i.HAL_GPIO_EXTI_Callback)
    HAL_GPIO_EXTI_IRQHandler                 0x08000e6d   Thumb Code    18  stm32f0xx_hal_gpio.o(i.HAL_GPIO_EXTI_IRQHandler)
    HAL_GPIO_Init                            0x08000e85   Thumb Code   302  stm32f0xx_hal_gpio.o(i.HAL_GPIO_Init)
    HAL_GPIO_ReadPin                         0x08000fcd   Thumb Code    10  stm32f0xx_hal_gpio.o(i.HAL_GPIO_ReadPin)
    HAL_GPIO_TogglePin                       0x08000fd7   Thumb Code     8  stm32f0xx_hal_gpio.o(i.HAL_GPIO_TogglePin)
    HAL_GPIO_WritePin                        0x08000fdf   Thumb Code    12  stm32f0xx_hal_gpio.o(i.HAL_GPIO_WritePin)
    HAL_GetTick                              0x08000fed   Thumb Code     6  stm32f0xx_hal.o(i.HAL_GetTick)
    HAL_I2CEx_ConfigAnalogFilter             0x08000ff9   Thumb Code    74  stm32f0xx_hal_i2c_ex.o(i.HAL_I2CEx_ConfigAnalogFilter)
    HAL_I2C_Init                             0x08001045   Thumb Code   164  stm32f0xx_hal_i2c.o(i.HAL_I2C_Init)
    HAL_I2C_Master_Receive                   0x080010ed   Thumb Code   274  stm32f0xx_hal_i2c.o(i.HAL_I2C_Master_Receive)
    HAL_I2C_Master_Transmit                  0x08001205   Thumb Code   274  stm32f0xx_hal_i2c.o(i.HAL_I2C_Master_Transmit)
    HAL_I2C_MspInit                          0x0800131d   Thumb Code    76  i2c_support.o(i.HAL_I2C_MspInit)
    HAL_IncTick                              0x08001375   Thumb Code    10  stm32f0xx_hal.o(i.HAL_IncTick)
    HAL_Init                                 0x08001385   Thumb Code    26  stm32f0xx_hal.o(i.HAL_Init)
    HAL_InitTick                             0x080013a5   Thumb Code    34  stm32f0xx_hal.o(i.HAL_InitTick)
    HAL_MspInit                              0x080013c7   Thumb Code     2  stm32f0xx_hal.o(i.HAL_MspInit)
    HAL_NVIC_DisableIRQ                      0x080013c9   Thumb Code    14  stm32f0xx_hal_cortex.o(i.HAL_NVIC_DisableIRQ)
    HAL_NVIC_EnableIRQ                       0x080013dd   Thumb Code    14  stm32f0xx_hal_cortex.o(i.HAL_NVIC_EnableIRQ)
    HAL_NVIC_SetPriority                     0x080013f1   Thumb Code     8  stm32f0xx_hal_cortex.o(i.HAL_NVIC_SetPriority)
    HAL_RCC_ClockConfig                      0x080013f9   Thumb Code   280  stm32f0xx_hal_rcc.o(i.HAL_RCC_ClockConfig)
    HAL_RCC_GetHCLKFreq                      0x08001525   Thumb Code     6  stm32f0xx_hal_rcc.o(i.HAL_RCC_GetHCLKFreq)
    HAL_RCC_GetPCLK1Freq                     0x08001531   Thumb Code    20  stm32f0xx_hal_rcc.o(i.HAL_RCC_GetPCLK1Freq)
    HAL_RCC_GetSysClockFreq                  0x08001551   Thumb Code    76  stm32f0xx_hal_rcc.o(i.HAL_RCC_GetSysClockFreq)
    HAL_RCC_OscConfig                        0x080015c9   Thumb Code   840  stm32f0xx_hal_rcc.o(i.HAL_RCC_OscConfig)
    HAL_SPI_Init                             0x0800191d   Thumb Code   204  stm32f0xx_hal_spi.o(i.HAL_SPI_Init)
    HAL_SPI_MspInit                          0x080019ed   Thumb Code   288  stm32f0xx_hal_msp.o(i.HAL_SPI_MspInit)
    HAL_SPI_TransmitReceive                  0x08001b1d   Thumb Code   710  stm32f0xx_hal_spi.o(i.HAL_SPI_TransmitReceive)
    HAL_SYSTICK_Config                       0x08001ded   Thumb Code    38  stm32f0xx_hal_cortex.o(i.HAL_SYSTICK_Config)
    HAL_UART_Init                            0x08001e1d   Thumb Code   108  stm32f0xx_hal_uart.o(i.HAL_UART_Init)
    HAL_UART_MspInit                         0x08001e89   Thumb Code    94  main.o(i.HAL_UART_MspInit)
    HAL_UART_Receive                         0x08001eed   Thumb Code   208  stm32f0xx_hal_uart.o(i.HAL_UART_Receive)
    HAL_UART_Transmit                        0x08001fc1   Thumb Code   176  stm32f0xx_hal_uart.o(i.HAL_UART_Transmit)
    HCI_Event_CB                             0x08002071   Thumb Code   254  sample_service.o(i.HCI_Event_CB)
    HCI_Init                                 0x080021dd   Thumb Code    42  hci.o(i.HCI_Init)
    HCI_Isr                                  0x08002211   Thumb Code    98  hci.o(i.HCI_Isr)
    HCI_Process                              0x0800227d   Thumb Code    66  hci.o(i.HCI_Process)
    HCI_Queue_Empty                          0x080022c5   Thumb Code    10  hci.o(i.HCI_Queue_Empty)
    HCI_verify                               0x080022d5   Thumb Code    34  hci.o(i.HCI_verify)
    Hal_Write_Serial                         0x080022f9   Thumb Code    60  stm32_bluenrg_ble.o(i.Hal_Write_Serial)
    HardFault_Handler                        0x0800233d   Thumb Code     2  stm32xx_it.o(i.HardFault_Handler)
    MX_I2C1_Init                             0x08002559   Thumb Code    46  i2c_support.o(i.MX_I2C1_Init)
    Make_Connection                          0x08002595   Thumb Code   154  sample_service.o(i.Make_Connection)
    NMI_Handler                              0x080026ad   Thumb Code     2  stm32xx_it.o(i.NMI_Handler)
    Osal_MemCpy                              0x080026f5   Thumb Code     8  osal.o(i.Osal_MemCpy)
    Osal_MemSet                              0x080026fd   Thumb Code     8  osal.o(i.Osal_MemSet)
    PRINT_MESG_UART                          0x08002705   Thumb Code    48  uart_support.o(i.PRINT_MESG_UART)
    PendSV_Handler                           0x08002739   Thumb Code     2  stm32xx_it.o(i.PendSV_Handler)
    SVC_Handler                              0x080028a1   Thumb Code     2  stm32xx_it.o(i.SVC_Handler)
    SysTick_Handler                          0x080028a5   Thumb Code    16  stm32xx_it.o(i.SysTick_Handler)
    SystemClock_Config                       0x080028b9   Thumb Code    62  cube_hal_f0.o(i.SystemClock_Config)
    SystemInit                               0x080028f9   Thumb Code    78  system_stm32f0xx_1.o(i.SystemInit)
    Timer_Expired                            0x08002955   Thumb Code    28  gp_timer.o(i.Timer_Expired)
    Timer_Set                                0x08002971   Thumb Code    14  gp_timer.o(i.Timer_Set)
    UART_AdvFeatureConfig                    0x0800297f   Thumb Code   202  stm32f0xx_hal_uart.o(i.UART_AdvFeatureConfig)
    UART_CheckIdleState                      0x08002a49   Thumb Code    18  stm32f0xx_hal_uart.o(i.UART_CheckIdleState)
    UART_SetConfig                           0x08002a5d   Thumb Code   280  stm32f0xx_hal_uart.o(i.UART_SetConfig)
    UART_WaitOnFlagUntilTimeout              0x08002b8d   Thumb Code   178  stm32f0xx_hal_uart.o(i.UART_WaitOnFlagUntilTimeout)
    User_Process                             0x08002c41   Thumb Code   192  main.o(i.User_Process)
    __0vsnprintf                             0x08002d35   Thumb Code    32  printfa.o(i.__0vsnprintf)
    __1vsnprintf                             0x08002d35   Thumb Code     0  printfa.o(i.__0vsnprintf)
    __2vsnprintf                             0x08002d35   Thumb Code     0  printfa.o(i.__0vsnprintf)
    __c89vsnprintf                           0x08002d35   Thumb Code     0  printfa.o(i.__0vsnprintf)
    vsnprintf                                0x08002d35   Thumb Code     0  printfa.o(i.__0vsnprintf)
    __ARM_clz                                0x08002d59   Thumb Code    46  depilogue.o(i.__ARM_clz)
    __scatterload_copy                       0x08002d87   Thumb Code    14  handlers.o(i.__scatterload_copy)
    __scatterload_null                       0x08002d95   Thumb Code     2  handlers.o(i.__scatterload_null)
    __scatterload_zeroinit                   0x08002d97   Thumb Code    14  handlers.o(i.__scatterload_zeroinit)
    aci_gap_create_connection                0x0800364b   Thumb Code   114  bluenrg_gap_aci.o(i.aci_gap_create_connection)
    aci_gap_init_IDB04A1                     0x080036bd   Thumb Code   124  bluenrg_gap_aci.o(i.aci_gap_init_IDB04A1)
    aci_gap_init_IDB05A1                     0x08003739   Thumb Code   126  bluenrg_gap_aci.o(i.aci_gap_init_IDB05A1)
    aci_gap_set_auth_requirement             0x080037b7   Thumb Code   116  bluenrg_gap_aci.o(i.aci_gap_set_auth_requirement)
    aci_gap_set_discoverable                 0x0800382b   Thumb Code   174  bluenrg_gap_aci.o(i.aci_gap_set_discoverable)
    aci_gatt_add_char                        0x080038d9   Thumb Code   176  bluenrg_gatt_aci.o(i.aci_gatt_add_char)
    aci_gatt_add_serv                        0x08003989   Thumb Code   128  bluenrg_gatt_aci.o(i.aci_gatt_add_serv)
    aci_gatt_init                            0x08003a09   Thumb Code    56  bluenrg_gatt_aci.o(i.aci_gatt_init)
    aci_gatt_update_char_value               0x08003a41   Thumb Code   116  bluenrg_gatt_aci.o(i.aci_gatt_update_char_value)
    aci_hal_set_tx_power_level               0x08003ab5   Thumb Code    68  bluenrg_hal_aci.o(i.aci_hal_set_tx_power_level)
    aci_hal_write_config_data                0x08003af9   Thumb Code    94  bluenrg_hal_aci.o(i.aci_hal_write_config_data)
    getBlueNRGVersion                        0x08003b57   Thumb Code    82  bluenrg_utils_small.o(i.getBlueNRGVersion)
    hci_le_read_local_version                0x08003ba9   Thumb Code   130  hci.o(i.hci_le_read_local_version)
    hci_le_set_scan_resp_data                0x08003c2b   Thumb Code    98  hci.o(i.hci_le_set_scan_resp_data)
    hci_send_cmd                             0x08003c8d   Thumb Code    48  hci.o(i.hci_send_cmd)
    hci_send_req                             0x08003cbd   Thumb Code   392  hci.o(i.hci_send_req)
    hci_write                                0x08003e4d   Thumb Code     8  hci.o(i.hci_write)
    list_get_size                            0x08003e55   Thumb Code    28  ble_list.o(i.list_get_size)
    list_init_head                           0x08003e71   Thumb Code     6  ble_list.o(i.list_init_head)
    list_insert_head                         0x08003e77   Thumb Code    24  ble_list.o(i.list_insert_head)
    list_insert_tail                         0x08003e8f   Thumb Code    24  ble_list.o(i.list_insert_tail)
    list_is_empty                            0x08003ea7   Thumb Code    24  ble_list.o(i.list_is_empty)
    list_remove_head                         0x08003ebf   Thumb Code    36  ble_list.o(i.list_remove_head)
    list_remove_node                         0x08003ee3   Thumb Code    22  ble_list.o(i.list_remove_node)
    list_remove_tail                         0x08003ef9   Thumb Code    36  ble_list.o(i.list_remove_tail)
    main                                     0x08003f1d   Thumb Code   326  main.o(i.main)
    receiveData                              0x08004195   Thumb Code   292  sample_service.o(i.receiveData)
    sendData                                 0x080042cd   Thumb Code    20  sample_service.o(i.sendData)
    vcom_init                                0x080042e5   Thumb Code    42  main.o(i.vcom_init)
    CLOCK_SECOND                             0x08004318   Data           4  clock.o(.constdata)
    BUTTON_IRQn                              0x0800431c   Data           1  stm32f0xx_nucleo.o(.constdata)
    LED_PIN                                  0x0800431e   Data           2  stm32f0xx_nucleo.o(.constdata)
    BUTTON_PIN                               0x08004320   Data           2  stm32f0xx_nucleo.o(.constdata)
    AHBPrescTable                            0x08004322   Data          16  system_stm32f0xx_1.o(.constdata)
    APBPrescTable                            0x08004332   Data           8  system_stm32f0xx_1.o(.constdata)
    Region$$Table$$Base                      0x0800433c   Number         0  anon$$obj.o(Region$$Table)
    Region$$Table$$Limit                     0x0800435c   Number         0  anon$$obj.o(Region$$Table)
    bnrg_expansion_board                     0x20000000   Data           1  main.o(.data)
    BLE_Role                                 0x20000001   Data           1  main.o(.data)
    throughput_test                          0x20000002   Data           1  main.o(.data)
    set_connectable                          0x20000004   Data           1  sample_service.o(.data)
    notification_enabled                     0x20000005   Data           1  sample_service.o(.data)
    start_read_tx_char_handle                0x20000006   Data           1  sample_service.o(.data)
    start_read_rx_char_handle                0x20000007   Data           1  sample_service.o(.data)
    end_read_tx_char_handle                  0x20000008   Data           1  sample_service.o(.data)
    end_read_rx_char_handle                  0x20000009   Data           1  sample_service.o(.data)
    connection_handle                        0x2000000a   Data           2  sample_service.o(.data)
    tx_handle                                0x2000000c   Data           2  sample_service.o(.data)
    rx_handle                                0x2000000e   Data           2  sample_service.o(.data)
    sampleServHandle                         0x20000010   Data           2  sample_service.o(.data)
    TXCharHandle                             0x20000012   Data           2  sample_service.o(.data)
    RXCharHandle                             0x20000014   Data           2  sample_service.o(.data)
    connected                                0x20000018   Data           4  sample_service.o(.data)
    button_event                             0x20000034   Data           1  stm32xx_it.o(.data)
    ms_counter                               0x20000038   Data           4  stm32xx_it.o(.data)
    aRxBuffer                                0x2000003c   Data           1  uart_support.o(.data)
    ReadI2CFlag                              0x2000003d   Data           1  i2c_support.o(.data)
    aI2CBuffer                               0x2000003e   Data           1  i2c_support.o(.data)
    LED_PORT                                 0x20000040   Data           4  stm32f0xx_nucleo.o(.data)
    BUTTON_PORT                              0x20000044   Data           4  stm32f0xx_nucleo.o(.data)
    SpixTimeout                              0x20000048   Data           4  stm32f0xx_nucleo.o(.data)
    SystemCoreClock                          0x2000004c   Data           4  system_stm32f0xx_1.o(.data)
    uwTick                                   0x20000050   Data           4  stm32f0xx_hal.o(.data)
    hciReadPktPool                           0x20000058   Data           8  hci.o(.data)
    hciReadPktRxQueue                        0x20000060   Data           8  hci.o(.data)
    UartHandle                               0x20000068   Data         112  main.o(.bss)
    hi2c1                                    0x200000d8   Data          76  i2c_support.o(.bss)
    SpiHandle                                0x20000124   Data         100  stm32_bluenrg_ble.o(.bss)
    __initial_sp                             0x20000848   Data           0  startup_stm32f030x8.o(STACK)



==============================================================================

Memory Map of the image

  Image Entry point : 0x080000b5

  Load Region LR_IROM1 (Base: 0x08000000, Size: 0x000043c4, Max: 0x00010000, ABSOLUTE)

    Execution Region ER_IROM1 (Base: 0x08000000, Size: 0x0000435c, Max: 0x00010000, ABSOLUTE)

    Base Addr    Size         Type   Attr      Idx    E Section Name        Object

    0x08000000   0x000000b4   Data   RO            3    RESET               startup_stm32f030x8.o
    0x080000b4   0x00000000   Code   RO         4031  * .ARM.Collect$$$$00000000  mc_p.l(entry.o)
    0x080000b4   0x00000004   Code   RO         4088    .ARM.Collect$$$$00000001  mc_p.l(entry2.o)
    0x080000b8   0x00000004   Code   RO         4091    .ARM.Collect$$$$00000004  mc_p.l(entry5.o)
    0x080000bc   0x00000000   Code   RO         4093    .ARM.Collect$$$$00000008  mc_p.l(entry7b.o)
    0x080000bc   0x00000000   Code   RO         4095    .ARM.Collect$$$$0000000A  mc_p.l(entry8b.o)
    0x080000bc   0x00000008   Code   RO         4096    .ARM.Collect$$$$0000000B  mc_p.l(entry9a.o)
    0x080000c4   0x00000000   Code   RO         4098    .ARM.Collect$$$$0000000D  mc_p.l(entry10a.o)
    0x080000c4   0x00000000   Code   RO         4100    .ARM.Collect$$$$0000000F  mc_p.l(entry11a.o)
    0x080000c4   0x00000004   Code   RO         4089    .ARM.Collect$$$$00002712  mc_p.l(entry2.o)
    0x080000c8   0x0000001c   Code   RO            4    .text               startup_stm32f030x8.o
    0x080000e4   0x0000002c   Code   RO         4034    .text               mc_p.l(uidiv.o)
    0x08000110   0x00000022   Code   RO         4036    .text               mc_p.l(llushr.o)
    0x08000132   0x00000028   Code   RO         4038    .text               mc_p.l(memcpy.o)
    0x0800015a   0x00000024   Code   RO         4044    .text               mc_p.l(memseta.o)
    0x0800017e   0x00000014   Code   RO         4078    .text               mc_p.l(uread4.o)
    0x08000192   0x00000012   Code   RO         4080    .text               mc_p.l(uwrite4.o)
    0x080001a4   0x0000007c   Code   RO         4082    .text               mf_p.l(fdiv.o)
    0x08000220   0x0000000e   Code   RO         4084    .text               mf_p.l(ffltui.o)
    0x0800022e   0x00000032   Code   RO         4086    .text               mf_p.l(ffixi.o)
    0x08000260   0x00000060   Code   RO         4105    .text               mc_p.l(uldiv.o)
    0x080002c0   0x00000000   Code   RO         4107    .text               mc_p.l(iusefp.o)
    0x080002c0   0x00000082   Code   RO         4108    .text               mf_p.l(fepilogue.o)
    0x08000342   0x00000002   PAD
    0x08000344   0x00000164   Code   RO         4110    .text               mf_p.l(dadd.o)
    0x080004a8   0x000000d0   Code   RO         4112    .text               mf_p.l(dmul.o)
    0x08000578   0x000000f0   Code   RO         4114    .text               mf_p.l(ddiv.o)
    0x08000668   0x00000040   Code   RO         4116    .text               mf_p.l(dfixul.o)
    0x080006a8   0x00000028   Code   RO         4118    .text               mf_p.l(cdrcmple.o)
    0x080006d0   0x00000024   Code   RO         4120    .text               mc_p.l(init.o)
    0x080006f4   0x00000020   Code   RO         4123    .text               mc_p.l(llshl.o)
    0x08000714   0x00000026   Code   RO         4125    .text               mc_p.l(llsshr.o)
    0x0800073a   0x000000be   Code   RO         4128    .text               mf_p.l(depilogue.o)
    0x080007f8   0x00000128   Code   RO          320    i.Add_Sample_Service  sample_service.o
    0x08000920   0x0000002c   Code   RO          321    i.Attribute_Modified_CB  sample_service.o
    0x0800094c   0x00000040   Code   RO          844    i.BNRG_SPI_Init     stm32_bluenrg_ble.o
    0x0800098c   0x0000004c   Code   RO          670    i.BSP_LED_Init      stm32f0xx_nucleo.o
    0x080009d8   0x00000020   Code   RO          672    i.BSP_LED_On        stm32f0xx_nucleo.o
    0x080009f8   0x0000001c   Code   RO          673    i.BSP_LED_Toggle    stm32f0xx_nucleo.o
    0x08000a14   0x0000001c   Code   RO          675    i.BSP_PB_GetState   stm32f0xx_nucleo.o
    0x08000a30   0x00000078   Code   RO          676    i.BSP_PB_Init       stm32f0xx_nucleo.o
    0x08000aa8   0x00000014   Code   RO          845    i.BlueNRG_DataPresent  stm32_bluenrg_ble.o
    0x08000abc   0x0000002c   Code   RO          847    i.BlueNRG_RST       stm32_bluenrg_ble.o
    0x08000ae8   0x00000094   Code   RO          848    i.BlueNRG_SPI_Read_All  stm32_bluenrg_ble.o
    0x08000b7c   0x000000a4   Code   RO          849    i.BlueNRG_SPI_Write  stm32_bluenrg_ble.o
    0x08000c20   0x0000000c   Code   RO          850    i.Clear_SPI_EXTI_Flag  stm32_bluenrg_ble.o
    0x08000c2c   0x00000008   Code   RO          170    i.Clock_Time        clock.o
    0x08000c34   0x00000008   Code   RO          171    i.Clock_Wait        clock.o
    0x08000c3c   0x0000000a   Code   RO          852    i.Disable_SPI_IRQ   stm32_bluenrg_ble.o
    0x08000c46   0x0000000a   Code   RO          421    i.EXTI0_1_IRQHandler  stm32xx_it.o
    0x08000c50   0x00000018   Code   RO          422    i.EXTI4_15_IRQHandler  stm32xx_it.o
    0x08000c68   0x0000000a   Code   RO          853    i.Enable_SPI_IRQ    stm32_bluenrg_ble.o
    0x08000c72   0x0000000e   Code   RO          210    i.Error_Handler     main.o
    0x08000c80   0x00000058   Code   RO          322    i.GAP_ConnectionComplete_CB  sample_service.o
    0x08000cd8   0x00000034   Code   RO          323    i.GAP_DisconnectionComplete_CB  sample_service.o
    0x08000d0c   0x00000140   Code   RO          324    i.GATT_Notification_CB  sample_service.o
    0x08000e4c   0x00000016   Code   RO          981    i.HAL_Delay         stm32f0xx_hal.o
    0x08000e62   0x00000008   Code   RO           12    i.HAL_GPIO_EXTI_Callback  bluenrg_interface.o
    0x08000e6a   0x00000002   PAD
    0x08000e6c   0x00000018   Code   RO         1646    i.HAL_GPIO_EXTI_IRQHandler  stm32f0xx_hal_gpio.o
    0x08000e84   0x00000148   Code   RO         1647    i.HAL_GPIO_Init     stm32f0xx_hal_gpio.o
    0x08000fcc   0x0000000a   Code   RO         1649    i.HAL_GPIO_ReadPin  stm32f0xx_hal_gpio.o
    0x08000fd6   0x00000008   Code   RO         1650    i.HAL_GPIO_TogglePin  stm32f0xx_hal_gpio.o
    0x08000fde   0x0000000c   Code   RO         1651    i.HAL_GPIO_WritePin  stm32f0xx_hal_gpio.o
    0x08000fea   0x00000002   PAD
    0x08000fec   0x0000000c   Code   RO          985    i.HAL_GetTick       stm32f0xx_hal.o
    0x08000ff8   0x0000004a   Code   RO         2130    i.HAL_I2CEx_ConfigAnalogFilter  stm32f0xx_hal_i2c_ex.o
    0x08001042   0x00000002   PAD
    0x08001044   0x000000a8   Code   RO         1717    i.HAL_I2C_Init      stm32f0xx_hal_i2c.o
    0x080010ec   0x00000118   Code   RO         1723    i.HAL_I2C_Master_Receive  stm32f0xx_hal_i2c.o
    0x08001204   0x00000118   Code   RO         1728    i.HAL_I2C_Master_Transmit  stm32f0xx_hal_i2c.o
    0x0800131c   0x00000058   Code   RO          623    i.HAL_I2C_MspInit   i2c_support.o
    0x08001374   0x00000010   Code   RO          986    i.HAL_IncTick       stm32f0xx_hal.o
    0x08001384   0x00000020   Code   RO          987    i.HAL_Init          stm32f0xx_hal.o
    0x080013a4   0x00000022   Code   RO          988    i.HAL_InitTick      stm32f0xx_hal.o
    0x080013c6   0x00000002   Code   RO          990    i.HAL_MspInit       stm32f0xx_hal.o
    0x080013c8   0x00000014   Code   RO         1292    i.HAL_NVIC_DisableIRQ  stm32f0xx_hal_cortex.o
    0x080013dc   0x00000014   Code   RO         1293    i.HAL_NVIC_EnableIRQ  stm32f0xx_hal_cortex.o
    0x080013f0   0x00000008   Code   RO         1297    i.HAL_NVIC_SetPriority  stm32f0xx_hal_cortex.o
    0x080013f8   0x0000012c   Code   RO         2269    i.HAL_RCC_ClockConfig  stm32f0xx_hal_rcc.o
    0x08001524   0x0000000c   Code   RO         2274    i.HAL_RCC_GetHCLKFreq  stm32f0xx_hal_rcc.o
    0x08001530   0x00000020   Code   RO         2276    i.HAL_RCC_GetPCLK1Freq  stm32f0xx_hal_rcc.o
    0x08001550   0x00000078   Code   RO         2277    i.HAL_RCC_GetSysClockFreq  stm32f0xx_hal_rcc.o
    0x080015c8   0x00000354   Code   RO         2280    i.HAL_RCC_OscConfig  stm32f0xx_hal_rcc.o
    0x0800191c   0x000000d0   Code   RO         2400    i.HAL_SPI_Init      stm32f0xx_hal_spi.o
    0x080019ec   0x00000130   Code   RO          565    i.HAL_SPI_MspInit   stm32f0xx_hal_msp.o
    0x08001b1c   0x000002d0   Code   RO         2409    i.HAL_SPI_TransmitReceive  stm32f0xx_hal_spi.o
    0x08001dec   0x00000030   Code   RO         1301    i.HAL_SYSTICK_Config  stm32f0xx_hal_cortex.o
    0x08001e1c   0x0000006c   Code   RO         2727    i.HAL_UART_Init     stm32f0xx_hal_uart.o
    0x08001e88   0x00000064   Code   RO          211    i.HAL_UART_MspInit  main.o
    0x08001eec   0x000000d4   Code   RO         2730    i.HAL_UART_Receive  stm32f0xx_hal_uart.o
    0x08001fc0   0x000000b0   Code   RO         2735    i.HAL_UART_Transmit  stm32f0xx_hal_uart.o
    0x08002070   0x0000016c   Code   RO          325    i.HCI_Event_CB      sample_service.o
    0x080021dc   0x00000034   Code   RO         2960    i.HCI_Init          hci.o
    0x08002210   0x0000006c   Code   RO         2961    i.HCI_Isr           hci.o
    0x0800227c   0x00000048   Code   RO         2962    i.HCI_Process       hci.o
    0x080022c4   0x00000010   Code   RO         2963    i.HCI_Queue_Empty   hci.o
    0x080022d4   0x00000022   Code   RO         2964    i.HCI_verify        hci.o
    0x080022f6   0x00000002   PAD
    0x080022f8   0x00000044   Code   RO          854    i.Hal_Write_Serial  stm32_bluenrg_ble.o
    0x0800233c   0x00000002   Code   RO          423    i.HardFault_Handler  stm32xx_it.o
    0x0800233e   0x00000022   Code   RO         1759    i.I2C_Flush_TXDR    stm32f0xx_hal_i2c.o
    0x08002360   0x00000074   Code   RO         1767    i.I2C_IsAcknowledgeFailed  stm32f0xx_hal_i2c.o
    0x080023d4   0x00000024   Code   RO         1774    i.I2C_TransferConfig  stm32f0xx_hal_i2c.o
    0x080023f8   0x00000048   Code   RO         1775    i.I2C_WaitOnFlagUntilTimeout  stm32f0xx_hal_i2c.o
    0x08002440   0x00000078   Code   RO         1776    i.I2C_WaitOnRXNEFlagUntilTimeout  stm32f0xx_hal_i2c.o
    0x080024b8   0x0000004e   Code   RO         1777    i.I2C_WaitOnSTOPFlagUntilTimeout  stm32f0xx_hal_i2c.o
    0x08002506   0x00000052   Code   RO         1778    i.I2C_WaitOnTXISFlagUntilTimeout  stm32f0xx_hal_i2c.o
    0x08002558   0x0000003c   Code   RO          624    i.MX_I2C1_Init      i2c_support.o
    0x08002594   0x00000118   Code   RO          326    i.Make_Connection   sample_service.o
    0x080026ac   0x00000002   Code   RO          424    i.NMI_Handler       stm32xx_it.o
    0x080026ae   0x00000002   PAD
    0x080026b0   0x00000044   Code   RO         1303    i.NVIC_SetPriority  stm32f0xx_hal_cortex.o
    0x080026f4   0x00000008   Code   RO         4013    i.Osal_MemCpy       osal.o
    0x080026fc   0x00000008   Code   RO         4014    i.Osal_MemSet       osal.o
    0x08002704   0x00000034   Code   RO          490    i.PRINT_MESG_UART   uart_support.o
    0x08002738   0x00000002   Code   RO          425    i.PendSV_Handler    stm32xx_it.o
    0x0800273a   0x00000032   Code   RO         2435    i.SPI_EndRxTxTransaction  stm32f0xx_hal_spi.o
    0x0800276c   0x000000a4   Code   RO         2442    i.SPI_WaitFifoStateUntilTimeout  stm32f0xx_hal_spi.o
    0x08002810   0x00000090   Code   RO         2443    i.SPI_WaitFlagStateUntilTimeout  stm32f0xx_hal_spi.o
    0x080028a0   0x00000002   Code   RO          426    i.SVC_Handler       stm32xx_it.o
    0x080028a2   0x00000002   PAD
    0x080028a4   0x00000014   Code   RO          427    i.SysTick_Handler   stm32xx_it.o
    0x080028b8   0x0000003e   Code   RO          545    i.SystemClock_Config  cube_hal_f0.o
    0x080028f6   0x00000002   PAD
    0x080028f8   0x0000005c   Code   RO          943    i.SystemInit        system_stm32f0xx_1.o
    0x08002954   0x0000001c   Code   RO         3888    i.Timer_Expired     gp_timer.o
    0x08002970   0x0000000e   Code   RO         3892    i.Timer_Set         gp_timer.o
    0x0800297e   0x000000ca   Code   RO         2740    i.UART_AdvFeatureConfig  stm32f0xx_hal_uart.o
    0x08002a48   0x00000012   Code   RO         2741    i.UART_CheckIdleState  stm32f0xx_hal_uart.o
    0x08002a5a   0x00000002   PAD
    0x08002a5c   0x00000130   Code   RO         2749    i.UART_SetConfig    stm32f0xx_hal_uart.o
    0x08002b8c   0x000000b2   Code   RO         2751    i.UART_WaitOnFlagUntilTimeout  stm32f0xx_hal_uart.o
    0x08002c3e   0x00000002   PAD
    0x08002c40   0x000000f4   Code   RO          212    i.User_Process      main.o
    0x08002d34   0x00000024   Code   RO         4056    i.__0vsnprintf      mc_p.l(printfa.o)
    0x08002d58   0x0000002e   Code   RO         4130    i.__ARM_clz         mf_p.l(depilogue.o)
    0x08002d86   0x0000000e   Code   RO         4134    i.__scatterload_copy  mc_p.l(handlers.o)
    0x08002d94   0x00000002   Code   RO         4135    i.__scatterload_null  mc_p.l(handlers.o)
    0x08002d96   0x0000000e   Code   RO         4136    i.__scatterload_zeroinit  mc_p.l(handlers.o)
    0x08002da4   0x00000158   Code   RO         4058    i._fp_digits        mc_p.l(printfa.o)
    0x08002efc   0x000006ec   Code   RO         4059    i._printf_core      mc_p.l(printfa.o)
    0x080035e8   0x00000020   Code   RO         4060    i._printf_post_padding  mc_p.l(printfa.o)
    0x08003608   0x0000002c   Code   RO         4061    i._printf_pre_padding  mc_p.l(printfa.o)
    0x08003634   0x00000016   Code   RO         4062    i._snputc           mc_p.l(printfa.o)
    0x0800364a   0x00000072   Code   RO         3230    i.aci_gap_create_connection  bluenrg_gap_aci.o
    0x080036bc   0x0000007c   Code   RO         3234    i.aci_gap_init_IDB04A1  bluenrg_gap_aci.o
    0x08003738   0x0000007e   Code   RO         3235    i.aci_gap_init_IDB05A1  bluenrg_gap_aci.o
    0x080037b6   0x00000074   Code   RO         3241    i.aci_gap_set_auth_requirement  bluenrg_gap_aci.o
    0x0800382a   0x000000ae   Code   RO         3246    i.aci_gap_set_discoverable  bluenrg_gap_aci.o
    0x080038d8   0x000000b0   Code   RO         3489    i.aci_gatt_add_char  bluenrg_gatt_aci.o
    0x08003988   0x00000080   Code   RO         3491    i.aci_gatt_add_serv  bluenrg_gatt_aci.o
    0x08003a08   0x00000038   Code   RO         3505    i.aci_gatt_init     bluenrg_gatt_aci.o
    0x08003a40   0x00000074   Code   RO         3518    i.aci_gatt_update_char_value  bluenrg_gatt_aci.o
    0x08003ab4   0x00000044   Code   RO         3759    i.aci_hal_set_tx_power_level  bluenrg_hal_aci.o
    0x08003af8   0x0000005e   Code   RO         3762    i.aci_hal_write_config_data  bluenrg_hal_aci.o
    0x08003b56   0x00000052   Code   RO         3845    i.getBlueNRGVersion  bluenrg_utils_small.o
    0x08003ba8   0x00000082   Code   RO         2978    i.hci_le_read_local_version  hci.o
    0x08003c2a   0x00000062   Code   RO         2989    i.hci_le_set_scan_resp_data  hci.o
    0x08003c8c   0x00000030   Code   RO         2996    i.hci_send_cmd      hci.o
    0x08003cbc   0x00000190   Code   RO         2997    i.hci_send_req      hci.o
    0x08003e4c   0x00000008   Code   RO         2999    i.hci_write         hci.o
    0x08003e54   0x0000001c   Code   RO         3928    i.list_get_size     ble_list.o
    0x08003e70   0x00000006   Code   RO         3929    i.list_init_head    ble_list.o
    0x08003e76   0x00000018   Code   RO         3930    i.list_insert_head  ble_list.o
    0x08003e8e   0x00000018   Code   RO         3933    i.list_insert_tail  ble_list.o
    0x08003ea6   0x00000018   Code   RO         3934    i.list_is_empty     ble_list.o
    0x08003ebe   0x00000024   Code   RO         3935    i.list_remove_head  ble_list.o
    0x08003ee2   0x00000016   Code   RO         3936    i.list_remove_node  ble_list.o
    0x08003ef8   0x00000024   Code   RO         3937    i.list_remove_tail  ble_list.o
    0x08003f1c   0x00000254   Code   RO          213    i.main              main.o
    0x08004170   0x00000024   Code   RO         3000    i.move_list         hci.o
    0x08004194   0x00000138   Code   RO          328    i.receiveData       sample_service.o
    0x080042cc   0x00000018   Code   RO          329    i.sendData          sample_service.o
    0x080042e4   0x00000034   Code   RO          214    i.vcom_init         main.o
    0x08004318   0x00000004   Data   RO          172    .constdata          clock.o
    0x0800431c   0x00000006   Data   RO          693    .constdata          stm32f0xx_nucleo.o
    0x08004322   0x00000010   Data   RO          944    .constdata          system_stm32f0xx_1.o
    0x08004332   0x00000008   Data   RO          945    .constdata          system_stm32f0xx_1.o
    0x0800433a   0x00000002   PAD
    0x0800433c   0x00000020   Data   RO         4132    Region$$Table       anon$$obj.o


    Execution Region RW_IRAM1 (Base: 0x20000000, Size: 0x00000848, Max: 0x00002000, ABSOLUTE)

    Base Addr    Size         Type   Attr      Idx    E Section Name        Object

    0x20000000   0x00000002   Data   RW          216    .data               main.o
    0x20000002   0x00000001   Data   RW          217    .data               main.o
    0x20000003   0x00000001   PAD
    0x20000004   0x00000030   Data   RW          332    .data               sample_service.o
    0x20000034   0x00000008   Data   RW          428    .data               stm32xx_it.o
    0x2000003c   0x00000001   Data   RW          494    .data               uart_support.o
    0x2000003d   0x00000001   Data   RW          626    .data               i2c_support.o
    0x2000003e   0x00000001   Data   RW          627    .data               i2c_support.o
    0x2000003f   0x00000001   PAD
    0x20000040   0x0000000c   Data   RW          694    .data               stm32f0xx_nucleo.o
    0x2000004c   0x00000004   Data   RW          946    .data               system_stm32f0xx_1.o
    0x20000050   0x00000004   Data   RW          993    .data               stm32f0xx_hal.o
    0x20000054   0x00000014   Data   RW         3002    .data               hci.o
    0x20000068   0x00000070   Zero   RW          215    .bss                main.o
    0x200000d8   0x0000004c   Zero   RW          625    .bss                i2c_support.o
    0x20000124   0x00000064   Zero   RW          858    .bss                stm32_bluenrg_ble.o
    0x20000188   0x000002bc   Zero   RW         3001    .bss                hci.o
    0x20000444   0x00000004   PAD
    0x20000448   0x00000400   Zero   RW            1    STACK               startup_stm32f030x8.o


==============================================================================

Image component sizes


      Code (inc. data)   RO Data    RW Data    ZI Data      Debug   Object Name

       200          0          0          0          0       8900   ble_list.o
       654          0          0          0          0       6672   bluenrg_gap_aci.o
       476          0          0          0          0       5569   bluenrg_gatt_aci.o
       162          0          0          0          0       2849   bluenrg_hal_aci.o
         8          0          0          0          0     261617   bluenrg_interface.o
        82          0          0          0          0       1812   bluenrg_utils_small.o
        16          0          4          0          0       2909   clock.o
        62          0          0          0          0        645   cube_hal_f0.o
        42          0          0          0          0       1984   gp_timer.o
      1002         40          0         20        700      13509   hci.o
       148         26          0          2         76       2172   i2c_support.o
      1006        338          0          3        112      43808   main.o
        16          0          0          0          0       1524   osal.o
      1780        594          0         48          0       9559   sample_service.o
        28          8        180          0       1024        692   startup_stm32f030x8.o
       540         46          0          0        100       8180   stm32_bluenrg_ble.o
       118         18          0          4          0       4801   stm32f0xx_hal.o
       164         30          0          0          0      10111   stm32f0xx_hal_cortex.o
       382         32          0          0          0       4667   stm32f0xx_hal_gpio.o
      1266         34          0          0          0      11666   stm32f0xx_hal_i2c.o
        74          0          0          0          0       1335   stm32f0xx_hal_i2c_ex.o
       304         16          0          0          0       1402   stm32f0xx_hal_msp.o
      1316         94          0          0          0       5565   stm32f0xx_hal_rcc.o
      1286         26          0          0          0       5985   stm32f0xx_hal_spi.o
      1198         28          0          0          0       7616   stm32f0xx_hal_uart.o
       284         58          6         12          0       5833   stm32f0xx_nucleo.o
        62         10          0          8          0       4276   stm32xx_it.o
        92         14         24          4          0       1351   system_stm32f0xx_1.o
        52          4          0          1          0       2325   uart_support.o

    ----------------------------------------------------------------------
     12838       1416        248        104       2016     439334   Object Totals
         0          0         32          0          0          0   (incl. Generated)
        18          0          2          2          4          0   (incl. Padding)

    ----------------------------------------------------------------------

      Code (inc. data)   RO Data    RW Data    ZI Data      Debug   Library Member Name

         0          0          0          0          0          0   entry.o
         0          0          0          0          0          0   entry10a.o
         0          0          0          0          0          0   entry11a.o
         8          4          0          0          0          0   entry2.o
         4          0          0          0          0          0   entry5.o
         0          0          0          0          0          0   entry7b.o
         0          0          0          0          0          0   entry8b.o
         8          4          0          0          0          0   entry9a.o
        30          0          0          0          0          0   handlers.o
        36          8          0          0          0         68   init.o
         0          0          0          0          0          0   iusefp.o
        32          0          0          0          0         68   llshl.o
        38          0          0          0          0         68   llsshr.o
        34          0          0          0          0         68   llushr.o
        40          0          0          0          0         68   memcpy.o
        36          0          0          0          0        100   memseta.o
      2250         94          0          0          0        460   printfa.o
        44          0          0          0          0         72   uidiv.o
        96          0          0          0          0         84   uldiv.o
        20          0          0          0          0         60   uread4.o
        18          0          0          0          0         60   uwrite4.o
        40          2          0          0          0         68   cdrcmple.o
       356          4          0          0          0        140   dadd.o
       240          6          0          0          0         84   ddiv.o
       236          0          0          0          0        216   depilogue.o
        64         10          0          0          0         68   dfixul.o
       208          6          0          0          0         88   dmul.o
       124          0          0          0          0         72   fdiv.o
       130          0          0          0          0        144   fepilogue.o
        50          0          0          0          0         60   ffixi.o
        14          0          0          0          0         68   ffltui.o

    ----------------------------------------------------------------------
      4158        138          0          0          0       2184   Library Totals
         2          0          0          0          0          0   (incl. Padding)

    ----------------------------------------------------------------------

      Code (inc. data)   RO Data    RW Data    ZI Data      Debug   Library Name

      2694        110          0          0          0       1176   mc_p.l
      1462         28          0          0          0       1008   mf_p.l

    ----------------------------------------------------------------------
      4158        138          0          0          0       2184   Library Totals

    ----------------------------------------------------------------------

==============================================================================


      Code (inc. data)   RO Data    RW Data    ZI Data      Debug   

     16996       1554        248        104       2016     435282   Grand Totals
     16996       1554        248        104       2016     435282   ELF Image Totals
     16996       1554        248        104          0          0   ROM Totals

==============================================================================

    Total RO  Size (Code + RO Data)                17244 (  16.84kB)
    Total RW  Size (RW Data + ZI Data)              2120 (   2.07kB)
    Total ROM Size (Code + RO Data + RW Data)      17348 (  16.94kB)

==============================================================================

