###############################################################################
#
# IAR ELF Linker V7.70.1.11437/W32 for ARM                06/Oct/2016  09:28:09
# Copyright 2007-2016 IAR Systems AB.
#
#    Output file  =  
#        C:\Users\bruno
#        montanari\Desktop\projetos\stm32\Taramps\BLE_I2C\STM32CubeExpansion_BLE1_V2.7.0\Projects\Multi\Applications\SampleAppThT\EWARM\STM32F401RE-Nucleo\SampleApp_SERVER\Exe\SampleApp_SERVER.out
#    Map file     =  
#        C:\Users\bruno
#        montanari\Desktop\projetos\stm32\Taramps\BLE_I2C\STM32CubeExpansion_BLE1_V2.7.0\Projects\Multi\Applications\SampleAppThT\EWARM\STM32F401RE-Nucleo\SampleApp_SERVER\List\SampleApp_SERVER.map
#    Command line =  
#        "C:\Users\bruno
#        montanari\Desktop\projetos\stm32\Taramps\BLE_I2C\STM32CubeExpansion_BLE1_V2.7.0\Projects\Multi\Applications\SampleAppThT\EWARM\STM32F401RE-Nucleo\SampleApp_SERVER\Obj\ble_list.o"
#        "C:\Users\bruno
#        montanari\Desktop\projetos\stm32\Taramps\BLE_I2C\STM32CubeExpansion_BLE1_V2.7.0\Projects\Multi\Applications\SampleAppThT\EWARM\STM32F401RE-Nucleo\SampleApp_SERVER\Obj\bluenrg_gap_aci.o"
#        "C:\Users\bruno
#        montanari\Desktop\projetos\stm32\Taramps\BLE_I2C\STM32CubeExpansion_BLE1_V2.7.0\Projects\Multi\Applications\SampleAppThT\EWARM\STM32F401RE-Nucleo\SampleApp_SERVER\Obj\bluenrg_gatt_aci.o"
#        "C:\Users\bruno
#        montanari\Desktop\projetos\stm32\Taramps\BLE_I2C\STM32CubeExpansion_BLE1_V2.7.0\Projects\Multi\Applications\SampleAppThT\EWARM\STM32F401RE-Nucleo\SampleApp_SERVER\Obj\bluenrg_hal_aci.o"
#        "C:\Users\bruno
#        montanari\Desktop\projetos\stm32\Taramps\BLE_I2C\STM32CubeExpansion_BLE1_V2.7.0\Projects\Multi\Applications\SampleAppThT\EWARM\STM32F401RE-Nucleo\SampleApp_SERVER\Obj\bluenrg_interface.o"
#        "C:\Users\bruno
#        montanari\Desktop\projetos\stm32\Taramps\BLE_I2C\STM32CubeExpansion_BLE1_V2.7.0\Projects\Multi\Applications\SampleAppThT\EWARM\STM32F401RE-Nucleo\SampleApp_SERVER\Obj\bluenrg_itf_template.o"
#        "C:\Users\bruno
#        montanari\Desktop\projetos\stm32\Taramps\BLE_I2C\STM32CubeExpansion_BLE1_V2.7.0\Projects\Multi\Applications\SampleAppThT\EWARM\STM32F401RE-Nucleo\SampleApp_SERVER\Obj\bluenrg_l2cap_aci.o"
#        "C:\Users\bruno
#        montanari\Desktop\projetos\stm32\Taramps\BLE_I2C\STM32CubeExpansion_BLE1_V2.7.0\Projects\Multi\Applications\SampleAppThT\EWARM\STM32F401RE-Nucleo\SampleApp_SERVER\Obj\bluenrg_utils_small.o"
#        "C:\Users\bruno
#        montanari\Desktop\projetos\stm32\Taramps\BLE_I2C\STM32CubeExpansion_BLE1_V2.7.0\Projects\Multi\Applications\SampleAppThT\EWARM\STM32F401RE-Nucleo\SampleApp_SERVER\Obj\clock.o"
#        "C:\Users\bruno
#        montanari\Desktop\projetos\stm32\Taramps\BLE_I2C\STM32CubeExpansion_BLE1_V2.7.0\Projects\Multi\Applications\SampleAppThT\EWARM\STM32F401RE-Nucleo\SampleApp_SERVER\Obj\cube_hal_f4.o"
#        "C:\Users\bruno
#        montanari\Desktop\projetos\stm32\Taramps\BLE_I2C\STM32CubeExpansion_BLE1_V2.7.0\Projects\Multi\Applications\SampleAppThT\EWARM\STM32F401RE-Nucleo\SampleApp_SERVER\Obj\gp_timer.o"
#        "C:\Users\bruno
#        montanari\Desktop\projetos\stm32\Taramps\BLE_I2C\STM32CubeExpansion_BLE1_V2.7.0\Projects\Multi\Applications\SampleAppThT\EWARM\STM32F401RE-Nucleo\SampleApp_SERVER\Obj\hci.o"
#        "C:\Users\bruno
#        montanari\Desktop\projetos\stm32\Taramps\BLE_I2C\STM32CubeExpansion_BLE1_V2.7.0\Projects\Multi\Applications\SampleAppThT\EWARM\STM32F401RE-Nucleo\SampleApp_SERVER\Obj\main.o"
#        "C:\Users\bruno
#        montanari\Desktop\projetos\stm32\Taramps\BLE_I2C\STM32CubeExpansion_BLE1_V2.7.0\Projects\Multi\Applications\SampleAppThT\EWARM\STM32F401RE-Nucleo\SampleApp_SERVER\Obj\osal.o"
#        "C:\Users\bruno
#        montanari\Desktop\projetos\stm32\Taramps\BLE_I2C\STM32CubeExpansion_BLE1_V2.7.0\Projects\Multi\Applications\SampleAppThT\EWARM\STM32F401RE-Nucleo\SampleApp_SERVER\Obj\sample_service.o"
#        "C:\Users\bruno
#        montanari\Desktop\projetos\stm32\Taramps\BLE_I2C\STM32CubeExpansion_BLE1_V2.7.0\Projects\Multi\Applications\SampleAppThT\EWARM\STM32F401RE-Nucleo\SampleApp_SERVER\Obj\startup_stm32f401xe.o"
#        "C:\Users\bruno
#        montanari\Desktop\projetos\stm32\Taramps\BLE_I2C\STM32CubeExpansion_BLE1_V2.7.0\Projects\Multi\Applications\SampleAppThT\EWARM\STM32F401RE-Nucleo\SampleApp_SERVER\Obj\stm32_bluenrg_ble.o"
#        "C:\Users\bruno
#        montanari\Desktop\projetos\stm32\Taramps\BLE_I2C\STM32CubeExpansion_BLE1_V2.7.0\Projects\Multi\Applications\SampleAppThT\EWARM\STM32F401RE-Nucleo\SampleApp_SERVER\Obj\stm32f4xx_hal.o"
#        "C:\Users\bruno
#        montanari\Desktop\projetos\stm32\Taramps\BLE_I2C\STM32CubeExpansion_BLE1_V2.7.0\Projects\Multi\Applications\SampleAppThT\EWARM\STM32F401RE-Nucleo\SampleApp_SERVER\Obj\stm32f4xx_hal_adc.o"
#        "C:\Users\bruno
#        montanari\Desktop\projetos\stm32\Taramps\BLE_I2C\STM32CubeExpansion_BLE1_V2.7.0\Projects\Multi\Applications\SampleAppThT\EWARM\STM32F401RE-Nucleo\SampleApp_SERVER\Obj\stm32f4xx_hal_adc_ex.o"
#        "C:\Users\bruno
#        montanari\Desktop\projetos\stm32\Taramps\BLE_I2C\STM32CubeExpansion_BLE1_V2.7.0\Projects\Multi\Applications\SampleAppThT\EWARM\STM32F401RE-Nucleo\SampleApp_SERVER\Obj\stm32f4xx_hal_cortex.o"
#        "C:\Users\bruno
#        montanari\Desktop\projetos\stm32\Taramps\BLE_I2C\STM32CubeExpansion_BLE1_V2.7.0\Projects\Multi\Applications\SampleAppThT\EWARM\STM32F401RE-Nucleo\SampleApp_SERVER\Obj\stm32f4xx_hal_dma.o"
#        "C:\Users\bruno
#        montanari\Desktop\projetos\stm32\Taramps\BLE_I2C\STM32CubeExpansion_BLE1_V2.7.0\Projects\Multi\Applications\SampleAppThT\EWARM\STM32F401RE-Nucleo\SampleApp_SERVER\Obj\stm32f4xx_hal_flash.o"
#        "C:\Users\bruno
#        montanari\Desktop\projetos\stm32\Taramps\BLE_I2C\STM32CubeExpansion_BLE1_V2.7.0\Projects\Multi\Applications\SampleAppThT\EWARM\STM32F401RE-Nucleo\SampleApp_SERVER\Obj\stm32f4xx_hal_flash_ex.o"
#        "C:\Users\bruno
#        montanari\Desktop\projetos\stm32\Taramps\BLE_I2C\STM32CubeExpansion_BLE1_V2.7.0\Projects\Multi\Applications\SampleAppThT\EWARM\STM32F401RE-Nucleo\SampleApp_SERVER\Obj\stm32f4xx_hal_gpio.o"
#        "C:\Users\bruno
#        montanari\Desktop\projetos\stm32\Taramps\BLE_I2C\STM32CubeExpansion_BLE1_V2.7.0\Projects\Multi\Applications\SampleAppThT\EWARM\STM32F401RE-Nucleo\SampleApp_SERVER\Obj\stm32f4xx_hal_msp.o"
#        "C:\Users\bruno
#        montanari\Desktop\projetos\stm32\Taramps\BLE_I2C\STM32CubeExpansion_BLE1_V2.7.0\Projects\Multi\Applications\SampleAppThT\EWARM\STM32F401RE-Nucleo\SampleApp_SERVER\Obj\stm32f4xx_hal_pwr.o"
#        "C:\Users\bruno
#        montanari\Desktop\projetos\stm32\Taramps\BLE_I2C\STM32CubeExpansion_BLE1_V2.7.0\Projects\Multi\Applications\SampleAppThT\EWARM\STM32F401RE-Nucleo\SampleApp_SERVER\Obj\stm32f4xx_hal_pwr_ex.o"
#        "C:\Users\bruno
#        montanari\Desktop\projetos\stm32\Taramps\BLE_I2C\STM32CubeExpansion_BLE1_V2.7.0\Projects\Multi\Applications\SampleAppThT\EWARM\STM32F401RE-Nucleo\SampleApp_SERVER\Obj\stm32f4xx_hal_rcc.o"
#        "C:\Users\bruno
#        montanari\Desktop\projetos\stm32\Taramps\BLE_I2C\STM32CubeExpansion_BLE1_V2.7.0\Projects\Multi\Applications\SampleAppThT\EWARM\STM32F401RE-Nucleo\SampleApp_SERVER\Obj\stm32f4xx_hal_rcc_ex.o"
#        "C:\Users\bruno
#        montanari\Desktop\projetos\stm32\Taramps\BLE_I2C\STM32CubeExpansion_BLE1_V2.7.0\Projects\Multi\Applications\SampleAppThT\EWARM\STM32F401RE-Nucleo\SampleApp_SERVER\Obj\stm32f4xx_hal_spi.o"
#        "C:\Users\bruno
#        montanari\Desktop\projetos\stm32\Taramps\BLE_I2C\STM32CubeExpansion_BLE1_V2.7.0\Projects\Multi\Applications\SampleAppThT\EWARM\STM32F401RE-Nucleo\SampleApp_SERVER\Obj\stm32f4xx_hal_uart.o"
#        "C:\Users\bruno
#        montanari\Desktop\projetos\stm32\Taramps\BLE_I2C\STM32CubeExpansion_BLE1_V2.7.0\Projects\Multi\Applications\SampleAppThT\EWARM\STM32F401RE-Nucleo\SampleApp_SERVER\Obj\stm32f4xx_nucleo.o"
#        "C:\Users\bruno
#        montanari\Desktop\projetos\stm32\Taramps\BLE_I2C\STM32CubeExpansion_BLE1_V2.7.0\Projects\Multi\Applications\SampleAppThT\EWARM\STM32F401RE-Nucleo\SampleApp_SERVER\Obj\stm32xx_it.o"
#        "C:\Users\bruno
#        montanari\Desktop\projetos\stm32\Taramps\BLE_I2C\STM32CubeExpansion_BLE1_V2.7.0\Projects\Multi\Applications\SampleAppThT\EWARM\STM32F401RE-Nucleo\SampleApp_SERVER\Obj\system_stm32f4xx.o"
#        "C:\Users\bruno
#        montanari\Desktop\projetos\stm32\Taramps\BLE_I2C\STM32CubeExpansion_BLE1_V2.7.0\Projects\Multi\Applications\SampleAppThT\EWARM\STM32F401RE-Nucleo\SampleApp_SERVER\Obj\uart_support.o"
#        --redirect _Printf=_PrintfSmall --redirect _Scanf=_ScanfSmall -o
#        "C:\Users\bruno
#        montanari\Desktop\projetos\stm32\Taramps\BLE_I2C\STM32CubeExpansion_BLE1_V2.7.0\Projects\Multi\Applications\SampleAppThT\EWARM\STM32F401RE-Nucleo\SampleApp_SERVER\Exe\SampleApp_SERVER.out"
#        --map "C:\Users\bruno
#        montanari\Desktop\projetos\stm32\Taramps\BLE_I2C\STM32CubeExpansion_BLE1_V2.7.0\Projects\Multi\Applications\SampleAppThT\EWARM\STM32F401RE-Nucleo\SampleApp_SERVER\List\SampleApp_SERVER.map"
#        --config "C:\Users\bruno
#        montanari\Desktop\projetos\stm32\Taramps\BLE_I2C\STM32CubeExpansion_BLE1_V2.7.0\Projects\Multi\Applications\SampleAppThT\EWARM\STM32F401RE-Nucleo\stm32f401xe_flash.icf"
#        --semihosting --entry __iar_program_start --vfe
#
###############################################################################

*******************************************************************************
*** RUNTIME MODEL ATTRIBUTES
***

CppFlavor                     = *
__Heap_Handler                = Basic
__SystemLibrary               = DLib
__dlib_dynamic_initialization = normal


*******************************************************************************
*** PLACEMENT SUMMARY
***

"A0":  place at 0x08000000 { ro section .intvec };
"P1":  place in [from 0x08000000 to 0x0807ffff] { ro };
"P2":  place in [from 0x20000000 to 0x20017fff] { rw, block CSTACK, block HEAP };
initialize by copy { rw };

  Section             Kind        Address    Size  Object
  -------             ----        -------    ----  ------
"A0":                                       0x194
  .intvec             ro code  0x08000000   0x194  startup_stm32f401xe.o [1]
                             - 0x08000194   0x194

"P1":                                      0x3922
  .text               ro code  0x08000194   0x7c4  xprintfsmall.o [3]
  .text               ro code  0x08000958    0x20  xmbtowc.o [3]
  .text               ro code  0x08000978    0x16  strchr.o [5]
  .text               ro code  0x0800098e    0x1a  xsnprout.o [3]
  .text               ro code  0x080009a8    0x36  strlen.o [5]
  .text               ro code  0x080009e0    0x58  memchr.o [5]
  .text               ro code  0x08000a38     0xa  xmbcurmax.o [3]
  .text               ro code  0x08000a44    0xb0  xxmemxmalloc.o [3]
  .text               ro code  0x08000af4    0x1a  xwctomb.o [3]
  .text               ro code  0x08000b10    0x76  ABImemcpy_unaligned.o [5]
  .text               ro code  0x08000b88    0x80  xxmemxfree.o [3]
  .text               ro code  0x08000c08    0x14  setlocale.o [3]
  .text               ro code  0x08000c1c    0x60  xencoding_sb.o [3]
  .text               ro code  0x08000c7c    0x2c  xgetmemchunk.o [3]
  .text               ro code  0x08000ca8     0x2  xtls.o [3]
  .text               ro code  0x08000cac   0x620  sample_service.o [1]
  .text               ro code  0x080012cc   0x24e  bluenrg_gatt_aci.o [1]
  .text               ro code  0x0800151c    0x30  uart_support.o [1]
  .text               ro code  0x0800154c   0x135  stm32f4xx_nucleo.o [1]
  .text               ro code  0x08001682   0x2a4  bluenrg_gap_aci.o [1]
  .text               ro code  0x08001926     0x8  clock.o [1]
  .text               ro code  0x08001930   0x3e0  hci.o [1]
  .text               ro code  0x08001d10    0x20  osal.o [1]
  .text               ro code  0x08001d30    0x3c  vsnprint.o [3]
  .text               ro code  0x08001d6c   0x498  stm32f4xx_hal_uart.o [1]
  .text               ro code  0x08002204   0x3e0  main.o [1]
  .text               ro code  0x080025e4   0x1c4  stm32f4xx_hal_gpio.o [1]
  .text               ro code  0x080027a8    0xcc  stm32f4xx_hal_cortex.o [1]
  .text               ro code  0x08002874     0xc  stm32f4xx_hal.o [1]
  .text               ro code  0x08002880    0x18  stm32f4xx_hal.o [1]
  .text               ro code  0x08002898    0xb4  ble_list.o [1]
  .text               ro code  0x0800294c   0x24c  stm32_bluenrg_ble.o [1]
  .text               ro code  0x08002b98    0x28  gp_timer.o [1]
  .text               ro code  0x08002bc0    0x66  ABImemset.o [5]
  .text               ro code  0x08002c28   0x1e8  stm32f4xx_hal_rcc.o [1]
  .text               ro code  0x08002e10    0x36  stm32f4xx_hal.o [1]
  .text               ro code  0x08002e46    0x44  cube_hal_f4.o [1]
  .text               ro code  0x08002e8a    0x58  bluenrg_utils_small.o [1]
  .text               ro code  0x08002ee2    0xaa  bluenrg_hal_aci.o [1]
  .text               ro code  0x08002f8c     0x4  bluenrg_interface.o [1]
  .text               ro code  0x08002f90   0x43e  stm32f4xx_hal_spi.o [1]
  .text               ro code  0x080033d0    0x2c  stm32f4xx_hal.o [1]
  .text               ro code  0x080033fc   0x254  stm32f4xx_hal_rcc.o [1]
  .text               ro code  0x08003650   0x18c  stm32f4xx_hal_msp.o [1]
  .text               ro code  0x080037dc    0x50  system_stm32f4xx.o [1]
  .text               ro code  0x0800382c    0x40  zero_init3.o [5]
  .text               ro code  0x0800386c    0x3c  stm32xx_it.o [1]
  .text               ro code  0x080038a8    0x10  stm32f4xx_hal.o [1]
  .text               ro code  0x080038b8    0x38  packbits_init_single.o [5]
  .text               ro code  0x080038f0    0x28  data_init.o [5]
  .text               ro code  0x08003918    0x22  fpinit_M.o [4]
  .iar.init_table     const    0x0800393c    0x20  - Linker created -
  .text               ro code  0x0800395c    0x1a  cmain.o [5]
  .text               ro code  0x08003976     0x4  low_level_init.o [3]
  .text               ro code  0x0800397a     0x4  exit.o [3]
  .text               ro code  0x08003980     0xa  cexit.o [5]
  .text               ro code  0x0800398c    0x14  exit.o [6]
  .text               ro code  0x080039a0    0x10  startup_stm32f401xe.o [1]
  .text               ro code  0x080039b0     0xc  cstartup_M.o [5]
  .rodata             const    0x080039bc     0x4  clock.o [1]
  .text               ro code  0x080039c0     0x4  startup_stm32f401xe.o [1]
  .text               ro code  0x080039c4     0x4  startup_stm32f401xe.o [1]
  .text               ro code  0x080039c8     0x4  startup_stm32f401xe.o [1]
  .text               ro code  0x080039cc     0x4  startup_stm32f401xe.o [1]
  .text               ro code  0x080039d0     0x4  startup_stm32f401xe.o [1]
  .text               ro code  0x080039d4     0x4  startup_stm32f401xe.o [1]
  .text               ro code  0x080039d8     0x4  startup_stm32f401xe.o [1]
  .text               ro code  0x080039dc     0x4  startup_stm32f401xe.o [1]
  .text               ro code  0x080039e0     0x4  startup_stm32f401xe.o [1]
  .text               ro code  0x080039e4     0x4  startup_stm32f401xe.o [1]
  .text               ro code  0x080039e8     0x4  startup_stm32f401xe.o [1]
  .text               ro code  0x080039ec     0x4  startup_stm32f401xe.o [1]
  .text               ro code  0x080039f0     0x4  startup_stm32f401xe.o [1]
  .text               ro code  0x080039f4     0x4  startup_stm32f401xe.o [1]
  .text               ro code  0x080039f8     0x4  startup_stm32f401xe.o [1]
  .text               ro code  0x080039fc     0x4  startup_stm32f401xe.o [1]
  .text               ro code  0x08003a00     0x4  startup_stm32f401xe.o [1]
  .text               ro code  0x08003a04     0x4  startup_stm32f401xe.o [1]
  .text               ro code  0x08003a08     0x4  startup_stm32f401xe.o [1]
  .text               ro code  0x08003a0c     0x4  startup_stm32f401xe.o [1]
  .text               ro code  0x08003a10     0x4  startup_stm32f401xe.o [1]
  .text               ro code  0x08003a14     0x4  startup_stm32f401xe.o [1]
  .text               ro code  0x08003a18     0x4  startup_stm32f401xe.o [1]
  .text               ro code  0x08003a1c     0x4  startup_stm32f401xe.o [1]
  .text               ro code  0x08003a20     0x4  startup_stm32f401xe.o [1]
  .text               ro code  0x08003a24     0x4  startup_stm32f401xe.o [1]
  .text               ro code  0x08003a28     0x4  startup_stm32f401xe.o [1]
  .text               ro code  0x08003a2c     0x4  startup_stm32f401xe.o [1]
  .text               ro code  0x08003a30     0x4  startup_stm32f401xe.o [1]
  .text               ro code  0x08003a34     0x4  startup_stm32f401xe.o [1]
  .text               ro code  0x08003a38     0x4  startup_stm32f401xe.o [1]
  .text               ro code  0x08003a3c     0x4  startup_stm32f401xe.o [1]
  .text               ro code  0x08003a40     0x4  startup_stm32f401xe.o [1]
  .text               ro code  0x08003a44     0x4  startup_stm32f401xe.o [1]
  .text               ro code  0x08003a48     0x4  startup_stm32f401xe.o [1]
  .text               ro code  0x08003a4c     0x4  startup_stm32f401xe.o [1]
  .text               ro code  0x08003a50     0x4  startup_stm32f401xe.o [1]
  .text               ro code  0x08003a54     0x4  startup_stm32f401xe.o [1]
  .text               ro code  0x08003a58     0x4  startup_stm32f401xe.o [1]
  .text               ro code  0x08003a5c     0x4  startup_stm32f401xe.o [1]
  .text               ro code  0x08003a60     0x4  startup_stm32f401xe.o [1]
  .text               ro code  0x08003a64     0x4  startup_stm32f401xe.o [1]
  .text               ro code  0x08003a68     0x4  startup_stm32f401xe.o [1]
  .text               ro code  0x08003a6c     0x4  startup_stm32f401xe.o [1]
  .text               ro code  0x08003a70     0x4  startup_stm32f401xe.o [1]
  .text               ro code  0x08003a74     0x4  startup_stm32f401xe.o [1]
  .text               ro code  0x08003a78     0x4  startup_stm32f401xe.o [1]
  .text               ro code  0x08003a7c     0x4  startup_stm32f401xe.o [1]
  .text               ro code  0x08003a80     0x4  startup_stm32f401xe.o [1]
  .text               ro code  0x08003a84     0x4  startup_stm32f401xe.o [1]
  .text               ro code  0x08003a88     0x4  startup_stm32f401xe.o [1]
  .text               ro code  0x08003a8c     0x4  startup_stm32f401xe.o [1]
  .text               ro code  0x08003a90     0x4  startup_stm32f401xe.o [1]
  .text               ro code  0x08003a94     0x4  startup_stm32f401xe.o [1]
  .text               ro code  0x08003a98     0x4  startup_stm32f401xe.o [1]
  .text               ro code  0x08003a9c     0x4  startup_stm32f401xe.o [1]
  .text               ro code  0x08003aa0     0x4  startup_stm32f401xe.o [1]
  .rodata             const    0x08003aa4     0x0  zero_init3.o [5]
  .rodata             const    0x08003aa4     0x0  packbits_init_single.o [5]
  Initializer bytes   const    0x08003aa4    0x12  <for P2-1>
                             - 0x08003ab6  0x3922

"P2", part 1 of 3:                           0xaa
  P2-1                         0x20000000    0xaa  <Init block>
    .data             inited   0x20000000    0x28  sample_service.o [1]
    .data             inited   0x20000028     0x4  stm32f4xx_nucleo.o [1]
    .data             inited   0x2000002c     0x4  stm32f4xx_nucleo.o [1]
    .data             inited   0x20000030     0x4  system_stm32f4xx.o [1]
    __DLIB_PERTHREAD  inited   0x20000034    0x74  setlocale.o [3]
    .data             inited   0x200000a8     0x2  main.o [1]
                             - 0x200000aa    0xaa

"P2", part 2 of 3:                          0x600
  CSTACK                       0x200000b0   0x400  <Block>
    CSTACK            uninit   0x200000b0   0x400  <Block tail>
  HEAP                         0x200004b0   0x200  <Block>
    HEAP              uninit   0x200004b0   0x200  <Block tail>
                             - 0x200006b0   0x600

"P2", part 3 of 3:                          0x37c
  .bss                zero     0x200006b0   0x2cc  hci.o [1]
  .bss                zero     0x2000097c    0x58  stm32_bluenrg_ble.o [1]
  .bss                zero     0x200009d4    0x40  main.o [1]
  .bss                zero     0x20000a14     0x8  xxmemxmalloc.o [3]
  .bss                zero     0x20000a1c     0x4  stm32f4xx_hal.o [1]
  .bss                zero     0x20000a20     0x4  stm32xx_it.o [1]
  .bss                zero     0x20000a24     0x4  xgetmemchunk.o [3]
  .bss                zero     0x20000a28     0x1  main.o [1]
  .bss                zero     0x20000a29     0x1  stm32xx_it.o [1]
  .bss                zero     0x20000a2a     0x1  uart_support.o [1]
                             - 0x20000a2b   0x37b


*******************************************************************************
*** INIT TABLE
***

          Address     Size
          -------     ----
Zero (__iar_zero_init3)
    1 destination range, total size 0x37b:
          0x200006b0  0x37b

Copy/packbits (__iar_packbits_init_single3)
    1 source range, total size 0x12 (10% of destination):
          0x08003aa4   0x12
    1 destination range, total size 0xaa:
          0x20000000   0xaa



*******************************************************************************
*** MODULE SUMMARY
***

    Module                  ro code  ro data  rw data
    ------                  -------  -------  -------
C:\Users\bruno montanari\Desktop\projetos\stm32\Taramps\BLE_I2C\STM32CubeExpansion_BLE1_V2.7.0\Projects\Multi\Applications\SampleAppThT\EWARM\STM32F401RE-Nucleo\SampleApp_SERVER\Obj: [1]
    ble_list.o                  180
    bluenrg_gap_aci.o           676
    bluenrg_gatt_aci.o          590
    bluenrg_hal_aci.o           170
    bluenrg_interface.o           4
    bluenrg_utils_small.o        88
    clock.o                       8        4
    cube_hal_f4.o                68
    gp_timer.o                   40
    hci.o                       992               716
    main.o                      992        1       67
    osal.o                       32
    sample_service.o          1 568        4       40
    startup_stm32f401xe.o       648
    stm32_bluenrg_ble.o         588                88
    stm32f4xx_hal.o             150                 4
    stm32f4xx_hal_cortex.o      204
    stm32f4xx_hal_gpio.o        452
    stm32f4xx_hal_msp.o         396
    stm32f4xx_hal_rcc.o       1 084
    stm32f4xx_hal_spi.o       1 086
    stm32f4xx_hal_uart.o      1 176
    stm32f4xx_nucleo.o          309        1        8
    stm32xx_it.o                 60                 5
    system_stm32f4xx.o           80                 4
    uart_support.o               48                 1
    -------------------------------------------------
    Total:                   11 689       10      933

command line: [2]
    -------------------------------------------------
    Total:

dl7M_tlf.a: [3]
    exit.o                        4
    low_level_init.o              4
    setlocale.o                  20       12      116
    vsnprint.o                   60
    xencoding_sb.o               96
    xgetmemchunk.o               44                 4
    xmbcurmax.o                  10
    xmbtowc.o                    32
    xprintfsmall.o            1 988
    xsnprout.o                   26
    xtls.o                        2
    xwctomb.o                    26
    xxmemxfree.o                128
    xxmemxmalloc.o              176                 8
    -------------------------------------------------
    Total:                    2 616       12      128

m7M_tls.a: [4]
    fpinit_M.o                   34
    -------------------------------------------------
    Total:                       34

rt7M_tl.a: [5]
    ABImemcpy_unaligned.o       118
    ABImemset.o                 102
    cexit.o                      10
    cmain.o                      26
    cstartup_M.o                 12
    data_init.o                  40
    memchr.o                     88
    packbits_init_single.o       56
    strchr.o                     22
    strlen.o                     54
    zero_init3.o                 64
    -------------------------------------------------
    Total:                      592

shb_l.a: [6]
    exit.o                       20
    -------------------------------------------------
    Total:                       20

    Gaps                         23        2
    Linker created                        32    1 536
-----------------------------------------------------
    Grand Total:             14 974       56    2 597


*******************************************************************************
*** ENTRY LIST
***

Entry                      Address   Size  Type      Object
-----                      -------   ----  ----      ------
.iar.init_table$$Base   0x0800393c          --   Gb  - Linker created -
.iar.init_table$$Limit  0x0800395c          --   Gb  - Linker created -
?main                   0x0800395d         Code  Gb  cmain.o [5]
APBAHBPrescTable        0x08002dac   0x10  Data  Gb  stm32f4xx_hal_rcc.o [1]
Add_Sample_Service      0x08000cad   0xa8  Code  Gb  sample_service.o [1]
Attribute_Modified_CB   0x08000e2f   0x3c  Code  Gb  sample_service.o [1]
BLE_Role                0x200000a9    0x1  Data  Gb  main.o [1]
BNRG_SPI_Init           0x08002993   0x32  Code  Gb  stm32_bluenrg_ble.o [1]
BSP_LED_Init            0x0800154d   0x54  Code  Gb  stm32f4xx_nucleo.o [1]
BSP_LED_On              0x080015a1   0x16  Code  Gb  stm32f4xx_nucleo.o [1]
BSP_LED_Toggle          0x080015b7   0x14  Code  Gb  stm32f4xx_nucleo.o [1]
BSP_PB_GetState         0x08001653   0x14  Code  Gb  stm32f4xx_nucleo.o [1]
BSP_PB_Init             0x080015cb   0x88  Code  Gb  stm32f4xx_nucleo.o [1]
BUTTON_IRQn             0x08001680    0x1  Data  Gb  stm32f4xx_nucleo.o [1]
BUTTON_PIN              0x0800167c    0x2  Data  Gb  stm32f4xx_nucleo.o [1]
BUTTON_PORT             0x2000002c    0x4  Data  Gb  stm32f4xx_nucleo.o [1]
BlueNRG_DataPresent     0x080029f1   0x12  Code  Gb  stm32_bluenrg_ble.o [1]
BlueNRG_RST             0x080029c5   0x2c  Code  Gb  stm32_bluenrg_ble.o [1]
BlueNRG_SPI_Read_All    0x08002a03   0xa2  Code  Gb  stm32_bluenrg_ble.o [1]
BlueNRG_SPI_Write       0x08002aa5   0xae  Code  Gb  stm32_bluenrg_ble.o [1]
CLOCK_SECOND            0x080039bc    0x4  Data  Gb  clock.o [1]
CSTACK$$Base            0x200000b0          --   Gb  - Linker created -
CSTACK$$Limit           0x200004b0          --   Gb  - Linker created -
Clear_SPI_EXTI_Flag     0x08002b61    0x8  Code  Gb  stm32_bluenrg_ble.o [1]
Clock_Time              0x08001927    0x4  Code  Gb  clock.o [1]
Clock_Wait              0x0800192b    0x4  Code  Gb  clock.o [1]
DebugMon_Handler        0x08003873    0x2  Code  Gb  stm32xx_it.o [1]
Disable_SPI_IRQ         0x08002b5b    0x6  Code  Gb  stm32_bluenrg_ble.o [1]
EXTI0_IRQHandler        0x08003887    0x6  Code  Gb  stm32xx_it.o [1]
EXTI15_10_IRQHandler    0x0800388d   0x12  Code  Gb  stm32xx_it.o [1]
Enable_SPI_IRQ          0x08002b53    0x2  Code  Gb  stm32_bluenrg_ble.o [1]
Error_Handler           0x080024bd   0x10  Code  Gb  main.o [1]
GAP_ConnectionComplete_CB
                        0x08000e6b   0x4e  Code  Gb  sample_service.o [1]
GAP_DisconnectionComplete_CB
                        0x08000eb9   0x22  Code  Gb  sample_service.o [1]
GATT_Notification_CB    0x08000edd   0xfa  Code  Gb  sample_service.o [1]
GATT_Notification_CB{1}{2}::lost_packets
                        0x20000024    0x4  Data  Lc  sample_service.o [1]
GATT_Notification_CB{1}{2}::n_packet1
                        0x20000020    0x4  Data  Lc  sample_service.o [1]
GATT_Notification_CB{1}{2}::packets
                        0x2000001c    0x4  Data  Lc  sample_service.o [1]
GATT_Notification_CB{1}{2}::time
                        0x20000018    0x4  Data  Lc  sample_service.o [1]
GPIO_PIN                0x08001678    0x2  Data  Gb  stm32f4xx_nucleo.o [1]
GPIO_PORT               0x20000028    0x4  Data  Gb  stm32f4xx_nucleo.o [1]
HAL_Delay               0x08002881   0x18  Code  Wk  stm32f4xx_hal.o [1]
HAL_GPIO_EXTI_Callback  0x08002f8d    0x4  Code  Gb  bluenrg_interface.o [1]
HAL_GPIO_EXTI_IRQHandler
                        0x08002775   0x10  Code  Gb  stm32f4xx_hal_gpio.o [1]
HAL_GPIO_Init           0x080025e5  0x172  Code  Gb  stm32f4xx_hal_gpio.o [1]
HAL_GPIO_ReadPin        0x08002757    0xe  Code  Gb  stm32f4xx_hal_gpio.o [1]
HAL_GPIO_TogglePin      0x0800276d    0x8  Code  Gb  stm32f4xx_hal_gpio.o [1]
HAL_GPIO_WritePin       0x08002765    0x8  Code  Gb  stm32f4xx_hal_gpio.o [1]
HAL_GetTick             0x08002875    0xc  Code  Wk  stm32f4xx_hal.o [1]
HAL_IncTick             0x080038a9   0x10  Code  Wk  stm32f4xx_hal.o [1]
HAL_Init                0x08002e11   0x30  Code  Gb  stm32f4xx_hal.o [1]
HAL_InitTick            0x080033d1   0x2c  Code  Wk  stm32f4xx_hal.o [1]
HAL_MspInit             0x08002e45    0x2  Code  Wk  stm32f4xx_hal.o [1]
HAL_NVIC_DisableIRQ     0x08002821    0xa  Code  Gb  stm32f4xx_hal_cortex.o [1]
HAL_NVIC_EnableIRQ      0x08002815    0xc  Code  Gb  stm32f4xx_hal_cortex.o [1]
HAL_NVIC_SetPriority    0x080027c3   0x52  Code  Gb  stm32f4xx_hal_cortex.o [1]
HAL_NVIC_SetPriorityGrouping
                        0x080027a9   0x1a  Code  Gb  stm32f4xx_hal_cortex.o [1]
HAL_RCC_ClockConfig     0x08002c29  0x14c  Code  Gb  stm32f4xx_hal_rcc.o [1]
HAL_RCC_GetPCLK1Freq    0x08002d75   0x12  Code  Gb  stm32f4xx_hal_rcc.o [1]
HAL_RCC_GetPCLK2Freq    0x08002d87   0x10  Code  Gb  stm32f4xx_hal_rcc.o [1]
HAL_RCC_GetSysClockFreq
                        0x08002dbd   0x54  Code  Wk  stm32f4xx_hal_rcc.o [1]
HAL_RCC_OscConfig       0x080033fd  0x254  Code  Wk  stm32f4xx_hal_rcc.o [1]
HAL_SPI_Init            0x08002f91   0x86  Code  Gb  stm32f4xx_hal_spi.o [1]
HAL_SPI_MspInit         0x08003651  0x18c  Code  Gb  stm32f4xx_hal_msp.o [1]
HAL_SPI_TransmitReceive
                        0x08003017  0x326  Code  Gb  stm32f4xx_hal_spi.o [1]
HAL_SYSTICK_Config      0x08002833   0x22  Code  Gb  stm32f4xx_hal_cortex.o [1]
HAL_UART_Init           0x08001d6d   0x42  Code  Gb  stm32f4xx_hal_uart.o [1]
HAL_UART_MspInit        0x08002205   0x7a  Code  Gb  main.o [1]
HAL_UART_Receive        0x08001ec3   0xec  Code  Gb  stm32f4xx_hal_uart.o [1]
HAL_UART_Transmit       0x08001dc9   0xfa  Code  Gb  stm32f4xx_hal_uart.o [1]
HCI_Event_CB            0x08000fe1   0xda  Code  Gb  sample_service.o [1]
HCI_Init                0x08001931   0x4e  Code  Gb  hci.o [1]
HCI_Isr                 0x080019c7   0x72  Code  Gb  hci.o [1]
HCI_Process             0x0800197f   0x48  Code  Gb  hci.o [1]
HEAP$$Base              0x200004b0          --   Gb  - Linker created -
HEAP$$Limit             0x200006b0          --   Gb  - Linker created -
Hal_Write_Serial        0x0800294d   0x46  Code  Gb  stm32_bluenrg_ble.o [1]
HardFault_Handler       0x0800386f    0x2  Code  Gb  stm32xx_it.o [1]
LoadInt                 0x080005c5   0x4c  Code  Lc  xprintfsmall.o [3]
Make_Connection         0x08000d55   0xaa  Code  Gb  sample_service.o [1]
NMI_Handler             0x0800386d    0x2  Code  Gb  stm32xx_it.o [1]
Osal_MemCpy             0x08001d11    0xc  Code  Gb  osal.o [1]
Osal_MemSet             0x08001d1d   0x14  Code  Gb  osal.o [1]
PRINT_MESG_UART         0x0800151d   0x2c  Code  Gb  uart_support.o [1]
PendSV_Handler          0x08003875    0x2  Code  Gb  stm32xx_it.o [1]
RXCharHandle            0x20000010    0x2  Data  Gb  sample_service.o [1]
Region$$Table$$Base     0x0800393c          --   Gb  - Linker created -
Region$$Table$$Limit    0x0800395c          --   Gb  - Linker created -
SPI_WaitFlagStateUntilTimeout
                        0x0800333d   0x92  Code  Lc  stm32f4xx_hal_spi.o [1]
SVC_Handler             0x08003871    0x2  Code  Gb  stm32xx_it.o [1]
SpiHandle               0x2000097c   0x58  Data  Gb  stm32_bluenrg_ble.o [1]
SysTick_Handler         0x08003877   0x10  Code  Gb  stm32xx_it.o [1]
SystemClock_Config      0x08002e47   0x44  Code  Gb  cube_hal_f4.o [1]
SystemCoreClock         0x20000030    0x4  Data  Gb  system_stm32f4xx.o [1]
SystemInit              0x080037dd   0x3a  Code  Gb  system_stm32f4xx.o [1]
TXCharHandle            0x2000000e    0x2  Data  Gb  sample_service.o [1]
Timer_Expired           0x08002ba9   0x18  Code  Gb  gp_timer.o [1]
Timer_Set               0x08002b99    0x8  Code  Gb  gp_timer.o [1]
UART_SetConfig          0x08001fb5  0x23e  Code  Lc  stm32f4xx_hal_uart.o [1]
UartHandle              0x200009d4   0x40  Data  Gb  main.o [1]
User_Process            0x08002421   0x72  Code  Gb  main.o [1]
_EncodingSb_Mbtowc      0x08000c37   0x30  Code  Gb  xencoding_sb.o [3]
_EncodingSb_Mbtowc::initial
                        0x08000c74    0x8  Data  Lc  xencoding_sb.o [3]
_EncodingSb_Wctomb      0x08000c1d   0x1a  Code  Gb  xencoding_sb.o [3]
_EncodingSb_Wctomb::initial
                        0x08000c6c    0x8  Data  Lc  xencoding_sb.o [3]
_IsdstStr               0x20000038    0x4  Data  Gb  setlocale.o [3]
_LitobSmall             0x08000843   0xce  Code  Lc  xprintfsmall.o [3]
_LocaleEncoding         0x08000c09    0xe  Code  Gb  setlocale.o [3]
_LocaleReturnString     0x20000058   0x50  Data  Lc  setlocale.o [3]
_Locale_Profile         0x2000003c   0x1c  Data  Gb  setlocale.o [3]
_Mbtowc                 0x08000959   0x20  Code  Gb  xmbtowc.o [3]
_PrintfSmall            0x08000195  0x430  Code  Gb  xprintfsmall.o [3]
_PutcharsSmall          0x08000911   0x2e  Code  Lc  xprintfsmall.o [3]
_PutstrSmall            0x08000611  0x228  Code  Lc  xprintfsmall.o [3]
_SNProut                0x0800098f   0x1a  Code  Gb  xsnprout.o [3]
_TzoneStr               0x20000034    0x4  Data  Gb  setlocale.o [3]
_Wctomb                 0x08000af5   0x1a  Code  Gb  xwctomb.o [3]
__aeabi_memset          0x08002bc1         Code  Gb  ABImemset.o [5]
__cmain                 0x0800395d         Code  Gb  cmain.o [5]
__data_Aldata           0x20000a14    0x8  Data  Gb  xxmemxmalloc.o [3]
__data_GetMemChunk      0x08000c7d   0x2c  Code  Gb  xgetmemchunk.o [3]
__data_GetMemChunk::start
                        0x20000a24    0x4  Data  Lc  xgetmemchunk.o [3]
__exit                  0x0800398d   0x14  Code  Gb  exit.o [6]
__iar_Mbcurmax          0x08000a39    0xa  Code  Gb  xmbcurmax.o [3]
__iar_Memchr            0x080009e1         Code  Gb  memchr.o [5]
__iar_Memset            0x08002bc1         Code  Gb  ABImemset.o [5]
__iar_Memset_word       0x08002bc9         Code  Gb  ABImemset.o [5]
__iar_Strchr            0x08000979         Code  Gb  strchr.o [5]
__iar_data_init3        0x080038f1   0x28  Code  Gb  data_init.o [5]
__iar_dlib_perthread_access
                        0x08000ca9    0x2  Code  Gb  xtls.o [3]
__iar_init_vfp          0x08003919         Code  Gb  fpinit_M.o [4]
__iar_packbits_init_single3
                        0x080038b9   0x38  Code  Gb  packbits_init_single.o [5]
__iar_program_start     0x080039b1         Code  Gb  cstartup_M.o [5]
__iar_unaligned___aeabi_memcpy
                        0x08000b11         Code  Gb  ABImemcpy_unaligned.o [5]
__iar_unaligned___aeabi_memcpy4
                        0x08000b31         Code  Gb  ABImemcpy_unaligned.o [5]
__iar_unaligned___aeabi_memcpy8
                        0x08000b31         Code  Gb  ABImemcpy_unaligned.o [5]
__iar_zero_init3        0x0800382d   0x40  Code  Gb  zero_init3.o [5]
__low_level_init        0x08003977    0x4  Code  Gb  low_level_init.o [3]
__vector_table          0x08000000         Data  Gb  startup_stm32f401xe.o [1]
_call_main              0x08003969         Code  Gb  cmain.o [5]
_exit                   0x08003981         Code  Gb  cexit.o [5]
_main                   0x08003973         Code  Gb  cmain.o [5]
aRxBuffer               0x20000a2a    0x1  Data  Gb  uart_support.o [1]
aci_gap_create_connection
                        0x0800189d   0x8a  Code  Gb  bluenrg_gap_aci.o [1]
aci_gap_init_IDB04A1    0x080016f7   0x6c  Code  Gb  bluenrg_gap_aci.o [1]
aci_gap_init_IDB05A1    0x08001683   0x74  Code  Gb  bluenrg_gap_aci.o [1]
aci_gap_set_auth_requirement
                        0x08001827   0x76  Code  Gb  bluenrg_gap_aci.o [1]
aci_gap_set_discoverable
                        0x08001763   0xc4  Code  Gb  bluenrg_gap_aci.o [1]
aci_gatt_add_char       0x0800138b   0xb2  Code  Gb  bluenrg_gatt_aci.o [1]
aci_gatt_add_serv       0x08001307   0x84  Code  Gb  bluenrg_gatt_aci.o [1]
aci_gatt_init           0x080012cd   0x3a  Code  Gb  bluenrg_gatt_aci.o [1]
aci_gatt_update_char_value
                        0x0800143d   0x7c  Code  Gb  bluenrg_gatt_aci.o [1]
aci_gatt_write_without_response
                        0x080014b9   0x62  Code  Gb  bluenrg_gatt_aci.o [1]
aci_hal_set_tx_power_level
                        0x08002f45   0x48  Code  Gb  bluenrg_hal_aci.o [1]
aci_hal_write_config_data
                        0x08002ee3   0x62  Code  Gb  bluenrg_hal_aci.o [1]
bnrg_expansion_board    0x200000a8    0x1  Data  Gb  main.o [1]
button_event            0x20000a29    0x1  Data  Gb  stm32xx_it.o [1]
connected               0x20000014    0x4  Data  Gb  sample_service.o [1]
connection_handle       0x20000006    0x2  Data  Gb  sample_service.o [1]
end_read_rx_char_handle
                        0x20000005    0x1  Data  Gb  sample_service.o [1]
end_read_tx_char_handle
                        0x20000004    0x1  Data  Gb  sample_service.o [1]
exit                    0x0800397b    0x4  Code  Gb  exit.o [3]
free                    0x08000b89   0x7a  Code  Gb  xxmemxfree.o [3]
getBlueNRGVersion       0x08002e8b   0x58  Code  Gb  bluenrg_utils_small.o [1]
hciReadPacketBuffer     0x200006c0  0x2bc  Data  Lc  hci.o [1]
hciReadPktPool          0x200006b0    0x8  Data  Gb  hci.o [1]
hciReadPktRxQueue       0x200006b8    0x8  Data  Gb  hci.o [1]
hci_le_read_local_version
                        0x08001c37   0x76  Code  Gb  hci.o [1]
hci_le_set_scan_resp_data
                        0x08001cad   0x64  Code  Gb  hci.o [1]
hci_send_cmd            0x08001a45   0x3a  Code  Gb  hci.o [1]
hci_send_req            0x08001a81  0x1b0  Code  Gb  hci.o [1]
list_get_size           0x08002929   0x1c  Code  Gb  ble_list.o [1]
list_init_head          0x08002899    0x6  Code  Gb  ble_list.o [1]
list_insert_head        0x080028b1   0x14  Code  Gb  ble_list.o [1]
list_insert_tail        0x080028c5   0x14  Code  Gb  ble_list.o [1]
list_is_empty           0x0800289f   0x12  Code  Gb  ble_list.o [1]
list_remove_head        0x080028df   0x14  Code  Gb  ble_list.o [1]
list_remove_tail        0x080028f3   0x12  Code  Gb  ble_list.o [1]
main                    0x080022b1  0x170  Code  Gb  main.o [1]
malloc                  0x08000a45   0xac  Code  Gb  xxmemxmalloc.o [3]
memchr                  0x080009e1         Code  Gb  memchr.o [5]
ms_counter              0x20000a20    0x4  Data  Gb  stm32xx_it.o [1]
notification_enabled    0x20000001    0x1  Data  Gb  sample_service.o [1]
rx_handle               0x2000000a    0x2  Data  Gb  sample_service.o [1]
sampleServHandle        0x2000000c    0x2  Data  Gb  sample_service.o [1]
sendData                0x08000dff   0x30  Code  Gb  sample_service.o [1]
set_connectable         0x20000000    0x1  Data  Gb  sample_service.o [1]
start_read_rx_char_handle
                        0x20000003    0x1  Data  Gb  sample_service.o [1]
start_read_tx_char_handle
                        0x20000002    0x1  Data  Gb  sample_service.o [1]
strchr                  0x08000979         Code  Gb  strchr.o [5]
strlen                  0x080009a9         Code  Gb  strlen.o [5]
throughput_test         0x20000a28    0x1  Data  Gb  main.o [1]
tx_handle               0x20000008    0x2  Data  Gb  sample_service.o [1]
uwTick                  0x20000a1c    0x4  Data  Gb  stm32f4xx_hal.o [1]
vcom_init               0x0800227f   0x32  Code  Gb  main.o [1]
vsnprintf               0x08001d31   0x3c  Code  Gb  vsnprint.o [3]


[1] = C:\Users\bruno montanari\Desktop\projetos\stm32\Taramps\BLE_I2C\STM32CubeExpansion_BLE1_V2.7.0\Projects\Multi\Applications\SampleAppThT\EWARM\STM32F401RE-Nucleo\SampleApp_SERVER\Obj
[2] = command line
[3] = dl7M_tlf.a
[4] = m7M_tls.a
[5] = rt7M_tl.a
[6] = shb_l.a

  14 974 bytes of readonly  code memory
      56 bytes of readonly  data memory
   2 597 bytes of readwrite data memory

Errors: none
Warnings: none
